Archive member included to satisfy reference by file (symbol)

c:/ST/STM32CubeIDE_1.15.0/STM32CubeIDE/plugins/com.st.stm32cube.ide.mcu.externaltools.gnu-tools-for-stm32.12.3.rel1.win32_1.0.100.202403111256/tools/bin/../lib/gcc/arm-none-eabi/12.3.1/../../../../arm-none-eabi/lib/thumb/v7e-m+fp/hard\libc_nano.a(libc_a-exit.o)
                              c:/ST/STM32CubeIDE_1.15.0/STM32CubeIDE/plugins/com.st.stm32cube.ide.mcu.externaltools.gnu-tools-for-stm32.12.3.rel1.win32_1.0.100.202403111256/tools/bin/../lib/gcc/arm-none-eabi/12.3.1/../../../../arm-none-eabi/lib/thumb/v7e-m+fp/hard/crt0.o (exit)
c:/ST/STM32CubeIDE_1.15.0/STM32CubeIDE/plugins/com.st.stm32cube.ide.mcu.externaltools.gnu-tools-for-stm32.12.3.rel1.win32_1.0.100.202403111256/tools/bin/../lib/gcc/arm-none-eabi/12.3.1/../../../../arm-none-eabi/lib/thumb/v7e-m+fp/hard\libc_nano.a(libc_a-findfp.o)
                              c:/ST/STM32CubeIDE_1.15.0/STM32CubeIDE/plugins/com.st.stm32cube.ide.mcu.externaltools.gnu-tools-for-stm32.12.3.rel1.win32_1.0.100.202403111256/tools/bin/../lib/gcc/arm-none-eabi/12.3.1/../../../../arm-none-eabi/lib/thumb/v7e-m+fp/hard\libc_nano.a(libc_a-exit.o) (__stdio_exit_handler)
c:/ST/STM32CubeIDE_1.15.0/STM32CubeIDE/plugins/com.st.stm32cube.ide.mcu.externaltools.gnu-tools-for-stm32.12.3.rel1.win32_1.0.100.202403111256/tools/bin/../lib/gcc/arm-none-eabi/12.3.1/../../../../arm-none-eabi/lib/thumb/v7e-m+fp/hard\libc_nano.a(libc_a-fwalk.o)
                              c:/ST/STM32CubeIDE_1.15.0/STM32CubeIDE/plugins/com.st.stm32cube.ide.mcu.externaltools.gnu-tools-for-stm32.12.3.rel1.win32_1.0.100.202403111256/tools/bin/../lib/gcc/arm-none-eabi/12.3.1/../../../../arm-none-eabi/lib/thumb/v7e-m+fp/hard\libc_nano.a(libc_a-findfp.o) (_fwalk_sglue)
c:/ST/STM32CubeIDE_1.15.0/STM32CubeIDE/plugins/com.st.stm32cube.ide.mcu.externaltools.gnu-tools-for-stm32.12.3.rel1.win32_1.0.100.202403111256/tools/bin/../lib/gcc/arm-none-eabi/12.3.1/../../../../arm-none-eabi/lib/thumb/v7e-m+fp/hard\libc_nano.a(libc_a-stdio.o)
                              c:/ST/STM32CubeIDE_1.15.0/STM32CubeIDE/plugins/com.st.stm32cube.ide.mcu.externaltools.gnu-tools-for-stm32.12.3.rel1.win32_1.0.100.202403111256/tools/bin/../lib/gcc/arm-none-eabi/12.3.1/../../../../arm-none-eabi/lib/thumb/v7e-m+fp/hard\libc_nano.a(libc_a-findfp.o) (__sread)
c:/ST/STM32CubeIDE_1.15.0/STM32CubeIDE/plugins/com.st.stm32cube.ide.mcu.externaltools.gnu-tools-for-stm32.12.3.rel1.win32_1.0.100.202403111256/tools/bin/../lib/gcc/arm-none-eabi/12.3.1/../../../../arm-none-eabi/lib/thumb/v7e-m+fp/hard\libc_nano.a(libc_a-memset.o)
                              c:/ST/STM32CubeIDE_1.15.0/STM32CubeIDE/plugins/com.st.stm32cube.ide.mcu.externaltools.gnu-tools-for-stm32.12.3.rel1.win32_1.0.100.202403111256/tools/bin/../lib/gcc/arm-none-eabi/12.3.1/../../../../arm-none-eabi/lib/thumb/v7e-m+fp/hard/crt0.o (memset)
c:/ST/STM32CubeIDE_1.15.0/STM32CubeIDE/plugins/com.st.stm32cube.ide.mcu.externaltools.gnu-tools-for-stm32.12.3.rel1.win32_1.0.100.202403111256/tools/bin/../lib/gcc/arm-none-eabi/12.3.1/../../../../arm-none-eabi/lib/thumb/v7e-m+fp/hard\libc_nano.a(libc_a-closer.o)
                              c:/ST/STM32CubeIDE_1.15.0/STM32CubeIDE/plugins/com.st.stm32cube.ide.mcu.externaltools.gnu-tools-for-stm32.12.3.rel1.win32_1.0.100.202403111256/tools/bin/../lib/gcc/arm-none-eabi/12.3.1/../../../../arm-none-eabi/lib/thumb/v7e-m+fp/hard\libc_nano.a(libc_a-stdio.o) (_close_r)
c:/ST/STM32CubeIDE_1.15.0/STM32CubeIDE/plugins/com.st.stm32cube.ide.mcu.externaltools.gnu-tools-for-stm32.12.3.rel1.win32_1.0.100.202403111256/tools/bin/../lib/gcc/arm-none-eabi/12.3.1/../../../../arm-none-eabi/lib/thumb/v7e-m+fp/hard\libc_nano.a(libc_a-reent.o)
                              c:/ST/STM32CubeIDE_1.15.0/STM32CubeIDE/plugins/com.st.stm32cube.ide.mcu.externaltools.gnu-tools-for-stm32.12.3.rel1.win32_1.0.100.202403111256/tools/bin/../lib/gcc/arm-none-eabi/12.3.1/../../../../arm-none-eabi/lib/thumb/v7e-m+fp/hard\libc_nano.a(libc_a-closer.o) (errno)
c:/ST/STM32CubeIDE_1.15.0/STM32CubeIDE/plugins/com.st.stm32cube.ide.mcu.externaltools.gnu-tools-for-stm32.12.3.rel1.win32_1.0.100.202403111256/tools/bin/../lib/gcc/arm-none-eabi/12.3.1/../../../../arm-none-eabi/lib/thumb/v7e-m+fp/hard\libc_nano.a(libc_a-impure.o)
                              c:/ST/STM32CubeIDE_1.15.0/STM32CubeIDE/plugins/com.st.stm32cube.ide.mcu.externaltools.gnu-tools-for-stm32.12.3.rel1.win32_1.0.100.202403111256/tools/bin/../lib/gcc/arm-none-eabi/12.3.1/../../../../arm-none-eabi/lib/thumb/v7e-m+fp/hard\libc_nano.a(libc_a-reent.o) (_impure_ptr)
c:/ST/STM32CubeIDE_1.15.0/STM32CubeIDE/plugins/com.st.stm32cube.ide.mcu.externaltools.gnu-tools-for-stm32.12.3.rel1.win32_1.0.100.202403111256/tools/bin/../lib/gcc/arm-none-eabi/12.3.1/../../../../arm-none-eabi/lib/thumb/v7e-m+fp/hard\libc_nano.a(libc_a-lseekr.o)
[...]
Memory Configuration

Name             Origin             Length             Attributes
FLASH            0x08000000         0x00040000         xr
RAM              0x20000000         0x0000c000         xrw
*default*        0x00000000         0xffffffff

Linker script and memory map

LOAD c:/ST/STM32CubeIDE_1.15.0/STM32CubeIDE/plugins/com.st.stm32cube.ide.mcu.externaltools.gnu-tools-for-stm32.12.3.rel1.win32_1.0.100.202403111256/tools/bin/../lib/gcc/arm-none-eabi/12.3.1/thumb/v7e-m+fp/hard/crti.o
LOAD c:/ST/STM32CubeIDE_1.15.0/STM32CubeIDE/plugins/com.st.stm32cube.ide.mcu.externaltools.gnu-tools-for-stm32.12.3.rel1.win32_1.0.100.202403111256/tools/bin/../lib/gcc/arm-none-eabi/12.3.1/thumb/v7e-m+fp/hard/crtbegin.o
LOAD c:/ST/STM32CubeIDE_1.15.0/STM32CubeIDE/plugins/com.st.stm32cube.ide.mcu.externaltools.gnu-tools-for-stm32.12.3.rel1.win32_1.0.100.202403111256/tools/bin/../lib/gcc/arm-none-eabi/12.3.1/../../../../arm-none-eabi/lib/thumb/v7e-m+fp/hard/crt0.o
LOAD build/system_gd32f30x.o
LOAD build/gd32f30x_it.o
LOAD build/main.o
LOAD build/systick.o
LOAD build/gd32f30x_adc.o
LOAD build/gd32f30x_bkp.o
LOAD build/gd32f30x_can.o
LOAD build/gd32f30x_crc.o
LOAD build/gd32f30x_ctc.o
LOAD build/gd32f30x_dac.o
LOAD build/gd32f30x_dbg.o
LOAD build/gd32f30x_dma.o
LOAD build/gd32f30x_enet.o
LOAD build/gd32f30x_exmc.o
LOAD build/gd32f30x_exti.o
LOAD build/gd32f30x_fmc.o
LOAD build/gd32f30x_fwdgt.o
LOAD build/gd32f30x_gpio.o
LOAD build/gd32f30x_i2c.o
LOAD build/gd32f30x_misc.o
LOAD build/gd32f30x_pmu.o
LOAD build/gd32f30x_rcu.o
LOAD build/gd32f30x_rtc.o
LOAD build/gd32f30x_sdio.o
LOAD build/gd32f30x_spi.o
LOAD build/gd32f30x_timer.o
LOAD build/gd32f30x_usart.o
LOAD build/gd32f30x_wwdgt.o
LOAD build/startup_gd32f30x_hd.o
LOAD c:/ST/STM32CubeIDE_1.15.0/STM32CubeIDE/plugins/com.st.stm32cube.ide.mcu.externaltools.gnu-tools-for-stm32.12.3.rel1.win32_1.0.100.202403111256/tools/bin/../lib/gcc/arm-none-eabi/12.3.1/../../../../arm-none-eabi/lib/thumb/v7e-m+fp/hard\libc_nano.a
LOAD c:/ST/STM32CubeIDE_1.15.0/STM32CubeIDE/plugins/com.st.stm32cube.ide.mcu.externaltools.gnu-tools-for-stm32.12.3.rel1.win32_1.0.100.202403111256/tools/bin/../lib/gcc/arm-none-eabi/12.3.1/../../../../arm-none-eabi/lib/thumb/v7e-m+fp/hard\libm.a
LOAD c:/ST/STM32CubeIDE_1.15.0/STM32CubeIDE/plugins/com.st.stm32cube.ide.mcu.externaltools.gnu-tools-for-stm32.12.3.rel1.win32_1.0.100.202403111256/tools/bin/../lib/gcc/arm-none-eabi/12.3.1/../../../../arm-none-eabi/lib/thumb/v7e-m+fp/hard\libnosys.a
START GROUP
LOAD c:/ST/STM32CubeIDE_1.15.0/STM32CubeIDE/plugins/com.st.stm32cube.ide.mcu.externaltools.gnu-tools-for-stm32.12.3.rel1.win32_1.0.100.202403111256/tools/bin/../lib/gcc/arm-none-eabi/12.3.1/thumb/v7e-m+fp/hard\libgcc.a
LOAD c:/ST/STM32CubeIDE_1.15.0/STM32CubeIDE/plugins/com.st.stm32cube.ide.mcu.externaltools.gnu-tools-for-stm32.12.3.rel1.win32_1.0.100.202403111256/tools/bin/../lib/gcc/arm-none-eabi/12.3.1/../../../../arm-none-eabi/lib/thumb/v7e-m+fp/hard\libc_nano.a
END GROUP
START GROUP
LOAD c:/ST/STM32CubeIDE_1.15.0/STM32CubeIDE/plugins/com.st.stm32cube.ide.mcu.externaltools.gnu-tools-for-stm32.12.3.rel1.win32_1.0.100.202403111256/tools/bin/../lib/gcc/arm-none-eabi/12.3.1/thumb/v7e-m+fp/hard\libgcc.a
LOAD c:/ST/STM32CubeIDE_1.15.0/STM32CubeIDE/plugins/com.st.stm32cube.ide.mcu.externaltools.gnu-tools-for-stm32.12.3.rel1.win32_1.0.100.202403111256/tools/bin/../lib/gcc/arm-none-eabi/12.3.1/../../../../arm-none-eabi/lib/thumb/v7e-m+fp/hard\libc_nano.a
END GROUP
LOAD c:/ST/STM32CubeIDE_1.15.0/STM32CubeIDE/plugins/com.st.stm32cube.ide.mcu.externaltools.gnu-tools-for-stm32.12.3.rel1.win32_1.0.100.202403111256/tools/bin/../lib/gcc/arm-none-eabi/12.3.1/thumb/v7e-m+fp/hard/crtend.o
LOAD c:/ST/STM32CubeIDE_1.15.0/STM32CubeIDE/plugins/com.st.stm32cube.ide.mcu.externaltools.gnu-tools-for-stm32.12.3.rel1.win32_1.0.100.202403111256/tools/bin/../lib/gcc/arm-none-eabi/12.3.1/thumb/v7e-m+fp/hard/crtn.o
                0x00000400                        __stack_size = DEFINED (__stack_size)?__stack_size:0x400

.vectors        0x08000000      0x130
                0x08000000                        . = ALIGN (0x4)
 *(.vectors)
 .vectors       0x08000000      0x130 build/startup_gd32f30x_hd.o
                0x08000000                __gVectors
                0x08000130                        . = ALIGN (0x4)
                0x08000130                        __Vectors_End = .
                0x08000130                        __Vectors_Size = (__Vectors_End - __gVectors)

.text           0x08000130      0x27c
                0x08000130                        . = ALIGN (0x4)
 *(.text)
 .text          0x08000130       0x40 c:/ST/STM32CubeIDE_1.15.0/STM32CubeIDE/plugins/com.st.stm32cube.ide.mcu.externaltools.gnu-tools-for-stm32.12.3.rel1.win32_1.0.100.202403111256/tools/bin/../lib/gcc/arm-none-eabi/12.3.1/thumb/v7e-m+fp/hard/crtbegin.o
 *(.text*)
 .text.system_clock_120m_hxtal
                0x08000170       0xd8 build/system_gd32f30x.o
 .text.system_clock_config
                0x08000248        0x8 build/system_gd32f30x.o
 .text.SystemInit
                0x08000250       0x9c build/system_gd32f30x.o
                0x08000250                SystemInit
 .text.NMI_Handler
                0x080002ec        0x2 build/gd32f30x_it.o
                0x080002ec                NMI_Handler
 .text.HardFault_Handler
                0x080002ee        0x2 build/gd32f30x_it.o
                0x080002ee                HardFault_Handler
 .text.MemManage_Handler
                0x080002f0        0x2 build/gd32f30x_it.o
                0x080002f0                MemManage_Handler
 .text.BusFault_Handler
                0x080002f2        0x2 build/gd32f30x_it.o
                0x080002f2                BusFault_Handler
 .text.UsageFault_Handler
                0x080002f4        0x2 build/gd32f30x_it.o
                0x080002f4                UsageFault_Handler
 .text.SVC_Handler
                0x080002f6        0x2 build/gd32f30x_it.o
                0x080002f6                SVC_Handler
 .text.DebugMon_Handler
                0x080002f8        0x2 build/gd32f30x_it.o
                0x080002f8                DebugMon_Handler
 .text.PendSV_Handler
                0x080002fa        0x2 build/gd32f30x_it.o
                0x080002fa                PendSV_Handler
 .text.SysTick_Handler
                0x080002fc        0x2 build/gd32f30x_it.o
                0x080002fc                SysTick_Handler
 .text.main     0x080002fe        0x2 build/main.o
                0x080002fe                main
 .text.Reset_Handler
                0x08000300       0x48 build/startup_gd32f30x_hd.o
                0x08000300                Reset_Handler
 .text.Default_Handler
                0x08000348        0x2 build/startup_gd32f30x_hd.o
                0x08000348                RTC_Alarm_IRQHandler
                0x08000348                EXTI2_IRQHandler
                0x08000348                TIMER2_IRQHandler
                0x08000348                TIMER5_IRQHandler
                0x08000348                LVD_IRQHandler
                0x08000348                TIMER0_BRK_IRQHandler
                0x08000348                ADC0_1_IRQHandler
                0x08000348                TIMER0_UP_IRQHandler
                0x08000348                SDIO_IRQHandler
                0x08000348                EXTI3_IRQHandler
                0x08000348                TIMER3_IRQHandler
                0x08000348                DMA0_Channel6_IRQHandler
                0x08000348                I2C0_EV_IRQHandler
                0x08000348                EXTI0_IRQHandler
                0x08000348                TIMER4_IRQHandler
                0x08000348                SPI1_IRQHandler
                0x08000348                DMA0_Channel0_IRQHandler
                0x08000348                TAMPER_IRQHandler
                0x08000348                DMA1_Channel0_IRQHandler
                0x08000348                TIMER6_IRQHandler
                0x08000348                DMA0_Channel3_IRQHandler
                0x08000348                I2C0_ER_IRQHandler
                0x08000348                RTC_IRQHandler
                0x08000348                TIMER7_UP_IRQHandler
                0x08000348                DMA0_Channel2_IRQHandler
                0x08000348                USART0_IRQHandler
                0x08000348                TIMER1_IRQHandler
                0x08000348                TIMER7_TRG_CMT_IRQHandler
                0x08000348                TIMER0_TRG_CMT_IRQHandler
                0x08000348                I2C1_EV_IRQHandler
                0x08000348                UART4_IRQHandler
                0x08000348                EXTI10_15_IRQHandler
                0x08000348                DMA1_Channel1_IRQHandler
                0x08000348                Default_Handler
                0x08000348                TIMER7_Channel_IRQHandler
                0x08000348                WWDGT_IRQHandler
                0x08000348                EXMC_IRQHandler
                0x08000348                ADC2_IRQHandler
                0x08000348                SPI2_IRQHandler
                0x08000348                USBD_WKUP_IRQHandler
                0x08000348                RCU_CTC_IRQHandler
                0x08000348                TIMER7_BRK_IRQHandler
                0x08000348                EXTI4_IRQHandler
                0x08000348                USBD_HP_CAN0_TX_IRQHandler
                0x08000348                CAN0_RX1_IRQHandler
                0x08000348                DMA0_Channel5_IRQHandler
                0x08000348                EXTI5_9_IRQHandler
                0x08000348                DMA0_Channel1_IRQHandler
                0x08000348                TIMER0_Channel_IRQHandler
                0x08000348                EXTI1_IRQHandler
                0x08000348                SPI0_IRQHandler
                0x08000348                DMA1_Channel3_4_IRQHandler
                0x08000348                USART2_IRQHandler
                0x08000348                CAN0_EWMC_IRQHandler
                0x08000348                DMA1_Channel2_IRQHandler
                0x08000348                USBD_LP_CAN0_RX0_IRQHandler
                0x08000348                USART1_IRQHandler
                0x08000348                UART3_IRQHandler
                0x08000348                I2C1_ER_IRQHandler
                0x08000348                FMC_IRQHandler
                0x08000348                DMA0_Channel4_IRQHandler
 *fill*         0x0800034a        0x2 
 .text.__libc_init_array
                0x0800034c       0x48 c:/ST/STM32CubeIDE_1.15.0/STM32CubeIDE/plugins/com.st.stm32cube.ide.mcu.externaltools.gnu-tools-for-stm32.12.3.rel1.win32_1.0.100.202403111256/tools/bin/../lib/gcc/arm-none-eabi/12.3.1/../../../../arm-none-eabi/lib/thumb/v7e-m+fp/hard\libc_nano.a(libc_a-init.o)
                0x0800034c                __libc_init_array
 *(.glue_7)
 .glue_7        0x08000394        0x0 linker stubs
 *(.glue_7t)
 .glue_7t       0x08000394        0x0 linker stubs
 *(.eh_frame)
 .eh_frame      0x08000394        0x0 c:/ST/STM32CubeIDE_1.15.0/STM32CubeIDE/plugins/com.st.stm32cube.ide.mcu.externaltools.gnu-tools-for-stm32.12.3.rel1.win32_1.0.100.202403111256/tools/bin/../lib/gcc/arm-none-eabi/12.3.1/thumb/v7e-m+fp/hard/crtbegin.o
 *(.init)
 .init          0x08000394        0x4 c:/ST/STM32CubeIDE_1.15.0/STM32CubeIDE/plugins/com.st.stm32cube.ide.mcu.externaltools.gnu-tools-for-stm32.12.3.rel1.win32_1.0.100.202403111256/tools/bin/../lib/gcc/arm-none-eabi/12.3.1/thumb/v7e-m+fp/hard/crti.o
                0x08000394                _init
 .init          0x08000398        0x8 c:/ST/STM32CubeIDE_1.15.0/STM32CubeIDE/plugins/com.st.stm32cube.ide.mcu.externaltools.gnu-tools-for-stm32.12.3.rel1.win32_1.0.100.202403111256/tools/bin/../lib/gcc/arm-none-eabi/12.3.1/thumb/v7e-m+fp/hard/crtn.o
 *(.fini)
 .fini          0x080003a0        0x4 c:/ST/STM32CubeIDE_1.15.0/STM32CubeIDE/plugins/com.st.stm32cube.ide.mcu.externaltools.gnu-tools-for-stm32.12.3.rel1.win32_1.0.100.202403111256/tools/bin/../lib/gcc/arm-none-eabi/12.3.1/thumb/v7e-m+fp/hard/crti.o
                0x080003a0                _fini
 .fini          0x080003a4        0x8 c:/ST/STM32CubeIDE_1.15.0/STM32CubeIDE/plugins/com.st.stm32cube.ide.mcu.externaltools.gnu-tools-for-stm32.12.3.rel1.win32_1.0.100.202403111256/tools/bin/../lib/gcc/arm-none-eabi/12.3.1/thumb/v7e-m+fp/hard/crtn.o
                0x080003ac                        . = ALIGN (0x4)
                0x080003ac                        _etext = .

.vfp11_veneer   0x080003ac        0x0
 .vfp11_veneer  0x080003ac        0x0 linker stubs

.v4_bx          0x080003ac        0x0
 .v4_bx         0x080003ac        0x0 linker stubs

.iplt           0x080003ac        0x0
 .iplt          0x080003ac        0x0 c:/ST/STM32CubeIDE_1.15.0/STM32CubeIDE/plugins/com.st.stm32cube.ide.mcu.externaltools.gnu-tools-for-stm32.12.3.rel1.win32_1.0.100.202403111256/tools/bin/../lib/gcc/arm-none-eabi/12.3.1/thumb/v7e-m+fp/hard/crtbegin.o

.rel.dyn        0x080003ac        0x0
 .rel.iplt      0x080003ac        0x0 c:/ST/STM32CubeIDE_1.15.0/STM32CubeIDE/plugins/com.st.stm32cube.ide.mcu.externaltools.gnu-tools-for-stm32.12.3.rel1.win32_1.0.100.202403111256/tools/bin/../lib/gcc/arm-none-eabi/12.3.1/thumb/v7e-m+fp/hard/crtbegin.o

.rodata         0x080003ac        0x0
                0x080003ac                        . = ALIGN (0x4)
 *(.rodata)
 *(.rodata*)
                0x080003ac                        . = ALIGN (0x4)

.ARM.extab
 *(.ARM.extab* .gnu.linkonce.armextab.*)

.ARM            0x080003ac        0x0
                0x080003ac                        __exidx_start = .
 *(.ARM.exidx*)
                0x080003ac                        __exidx_end = .

.ARM.attributes
                0x080003ac       0x30
 *(.ARM.attributes)
 .ARM.attributes
                0x080003ac       0x22 c:/ST/STM32CubeIDE_1.15.0/STM32CubeIDE/plugins/com.st.stm32cube.ide.mcu.externaltools.gnu-tools-for-stm32.12.3.rel1.win32_1.0.100.202403111256/tools/bin/../lib/gcc/arm-none-eabi/12.3.1/thumb/v7e-m+fp/hard/crti.o
 .ARM.attributes
                0x080003ce       0x34 c:/ST/STM32CubeIDE_1.15.0/STM32CubeIDE/plugins/com.st.stm32cube.ide.mcu.externaltools.gnu-tools-for-stm32.12.3.rel1.win32_1.0.100.202403111256/tools/bin/../lib/gcc/arm-none-eabi/12.3.1/thumb/v7e-m+fp/hard/crtbegin.o
 .ARM.attributes
                0x08000402       0x34 build/system_gd32f30x.o
 .ARM.attributes
                0x08000436       0x34 build/gd32f30x_it.o
 .ARM.attributes
                0x0800046a       0x34 build/main.o
 .ARM.attributes
                0x0800049e       0x21 build/startup_gd32f30x_hd.o
 .ARM.attributes
                0x080004bf       0x34 c:/ST/STM32CubeIDE_1.15.0/STM32CubeIDE/plugins/com.st.stm32cube.ide.mcu.externaltools.gnu-tools-for-stm32.12.3.rel1.win32_1.0.100.202403111256/tools/bin/../lib/gcc/arm-none-eabi/12.3.1/../../../../arm-none-eabi/lib/thumb/v7e-m+fp/hard\libc_nano.a(libc_a-init.o)
 .ARM.attributes
                0x080004f3       0x22 c:/ST/STM32CubeIDE_1.15.0/STM32CubeIDE/plugins/com.st.stm32cube.ide.mcu.externaltools.gnu-tools-for-stm32.12.3.rel1.win32_1.0.100.202403111256/tools/bin/../lib/gcc/arm-none-eabi/12.3.1/thumb/v7e-m+fp/hard/crtn.o

.preinit_array  0x080003ac        0x0
                0x080003ac                        PROVIDE (__preinit_array_start = .)
 *(.preinit_array*)
                0x080003ac                        PROVIDE (__preinit_array_end = .)

.init_array     0x080003ac        0x4
                0x080003ac                        PROVIDE (__init_array_start = .)
 *(SORT_BY_NAME(.init_array.*))
 *(.init_array*)
 .init_array    0x080003ac        0x4 c:/ST/STM32CubeIDE_1.15.0/STM32CubeIDE/plugins/com.st.stm32cube.ide.mcu.externaltools.gnu-tools-for-stm32.12.3.rel1.win32_1.0.100.202403111256/tools/bin/../lib/gcc/arm-none-eabi/12.3.1/thumb/v7e-m+fp/hard/crtbegin.o
                0x080003b0                        PROVIDE (__init_array_end = .)

.fini_array     0x080003b0        0x4
                [!provide]                        PROVIDE (__fini_array_start = .)
 *(.fini_array*)
 .fini_array    0x080003b0        0x4 c:/ST/STM32CubeIDE_1.15.0/STM32CubeIDE/plugins/com.st.stm32cube.ide.mcu.externaltools.gnu-tools-for-stm32.12.3.rel1.win32_1.0.100.202403111256/tools/bin/../lib/gcc/arm-none-eabi/12.3.1/thumb/v7e-m+fp/hard/crtbegin.o
 *(SORT_BY_NAME(.fini_array.*))
                [!provide]                        PROVIDE (__fini_array_end = .)
                0x080003b4                        _sidata = LOADADDR (.data)

.data           0x20000000        0x0 load address 0x080003b4
                0x20000000                        . = ALIGN (0x4)
                0x20000000                        _sdata = .
 *(.data)
 *(.data*)
                0x20000000                        . = ALIGN (0x4)
                0x20000000                        _edata = .

.igot.plt       0x20000000        0x0 load address 0x080003b4
 .igot.plt      0x20000000        0x0 c:/ST/STM32CubeIDE_1.15.0/STM32CubeIDE/plugins/com.st.stm32cube.ide.mcu.externaltools.gnu-tools-for-stm32.12.3.rel1.win32_1.0.100.202403111256/tools/bin/../lib/gcc/arm-none-eabi/12.3.1/thumb/v7e-m+fp/hard/crtbegin.o
                0x20000000                        . = ALIGN (0x4)

.bss            0x20000000       0x1c load address 0x080003b4
                0x20000000                        _sbss = .
                0x20000000                        __bss_start__ = _sbss
 *(.bss)
 .bss           0x20000000       0x1c c:/ST/STM32CubeIDE_1.15.0/STM32CubeIDE/plugins/com.st.stm32cube.ide.mcu.externaltools.gnu-tools-for-stm32.12.3.rel1.win32_1.0.100.202403111256/tools/bin/../lib/gcc/arm-none-eabi/12.3.1/thumb/v7e-m+fp/hard/crtbegin.o
 *(.bss*)
 *(COMMON)
                0x2000001c                        . = ALIGN (0x4)
                0x2000001c                        _ebss = .
                0x2000001c                        __bss_end__ = _ebss
                0x20000020                        . = ALIGN (0x8)
                0x2000001c                        PROVIDE (end = _ebss)
                [!provide]                        PROVIDE (_end = _ebss)

.stack          0x2000bc00      0x400 load address 0x2000001c
                [!provide]                        PROVIDE (_heap_end = .)
                0x00000400                        . = __stack_size
 *fill*         0x2000bc00      0x400 
                0x2000c000                        PROVIDE (_sp = .)
START GROUP
LOAD c:/ST/STM32CubeIDE_1.15.0/STM32CubeIDE/plugins/com.st.stm32cube.ide.mcu.externaltools.gnu-tools-for-stm32.12.3.rel1.win32_1.0.100.202403111256/tools/bin/../lib/gcc/arm-none-eabi/12.3.1/thumb/v7e-m+fp/hard\libgcc.a
LOAD c:/ST/STM32CubeIDE_1.15.0/STM32CubeIDE/plugins/com.st.stm32cube.ide.mcu.externaltools.gnu-tools-for-stm32.12.3.rel1.win32_1.0.100.202403111256/tools/bin/../lib/gcc/arm-none-eabi/12.3.1/../../../../arm-none-eabi/lib/thumb/v7e-m+fp/hard\libc.a
LOAD c:/ST/STM32CubeIDE_1.15.0/STM32CubeIDE/plugins/com.st.stm32cube.ide.mcu.externaltools.gnu-tools-for-stm32.12.3.rel1.win32_1.0.100.202403111256/tools/bin/../lib/gcc/arm-none-eabi/12.3.1/../../../../arm-none-eabi/lib/thumb/v7e-m+fp/hard\libm.a
LOAD c:/ST/STM32CubeIDE_1.15.0/STM32CubeIDE/plugins/com.st.stm32cube.ide.mcu.externaltools.gnu-tools-for-stm32.12.3.rel1.win32_1.0.100.202403111256/tools/bin/../lib/gcc/arm-none-eabi/12.3.1/../../../../arm-none-eabi/lib/thumb/v7e-m+fp/hard\libnosys.a
END GROUP
OUTPUT(build/gd32f303_blink_make.elf elf32-littlearm)
LOAD linker stubs

.debug_info     0x00000000      0x66f
 .debug_info    0x00000000      0x47f build/system_gd32f30x.o
 .debug_info    0x0000047f      0x136 build/gd32f30x_it.o
 .debug_info    0x000005b5       0x8a build/main.o
 .debug_info    0x0000063f       0x30 build/startup_gd32f30x_hd.o

.debug_abbrev   0x00000000      0x250
 .debug_abbrev  0x00000000      0x1a5 build/system_gd32f30x.o
 .debug_abbrev  0x000001a5       0x46 build/gd32f30x_it.o
 .debug_abbrev  0x000001eb       0x48 build/main.o
 .debug_abbrev  0x00000233       0x1d build/startup_gd32f30x_hd.o

.debug_loc      0x00000000      0x20c
 .debug_loc     0x00000000      0x20c build/system_gd32f30x.o

.debug_aranges  0x00000000       0xe0
 .debug_aranges
                0x00000000       0x38 build/system_gd32f30x.o
 .debug_aranges
                0x00000038       0x60 build/gd32f30x_it.o
 .debug_aranges
                0x00000098       0x20 build/main.o
 .debug_aranges
                0x000000b8       0x28 build/startup_gd32f30x_hd.o

.debug_ranges   0x00000000       0xa8
 .debug_ranges  0x00000000       0x28 build/system_gd32f30x.o
 .debug_ranges  0x00000028       0x50 build/gd32f30x_it.o
 .debug_ranges  0x00000078       0x10 build/main.o
 .debug_ranges  0x00000088       0x20 build/startup_gd32f30x_hd.o

.debug_line     0x00000000      0x843
 .debug_line    0x00000000      0x64d build/system_gd32f30x.o
 .debug_line    0x0000064d      0x12a build/gd32f30x_it.o
 .debug_line    0x00000777       0x54 build/main.o
 .debug_line    0x000007cb       0x78 build/startup_gd32f30x_hd.o

.debug_str      0x00000000      0x380
 .debug_str     0x00000000      0x286 build/system_gd32f30x.o
                                0x2dc (size before relaxing)
 .debug_str     0x00000286       0xa9 build/gd32f30x_it.o
                                0x1ee (size before relaxing)
 .debug_str     0x0000032f       0x17 build/main.o
                                0x15c (size before relaxing)
 .debug_str     0x00000346       0x3a build/startup_gd32f30x_hd.o
                                 0x60 (size before relaxing)

.comment        0x00000000       0x43
 .comment       0x00000000       0x43 build/system_gd32f30x.o
                                 0x44 (size before relaxing)
 .comment       0x00000043       0x44 build/gd32f30x_it.o
 .comment       0x00000043       0x44 build/main.o

.debug_frame    0x00000000      0x15c
 .debug_frame   0x00000000       0x70 build/system_gd32f30x.o
 .debug_frame   0x00000070       0xa0 build/gd32f30x_it.o
 .debug_frame   0x00000110       0x20 build/main.o
 .debug_frame   0x00000130       0x2c c:/ST/STM32CubeIDE_1.15.0/STM32CubeIDE/plugins/com.st.stm32cube.ide.mcu.externaltools.gnu-tools-for-stm32.12.3.rel1.win32_1.0.100.202403111256/tools/bin/../lib/gcc/arm-none-eabi/12.3.1/../../../../arm-none-eabi/lib/thumb/v7e-m+fp/hard\libc_nano.a(libc_a-init.o)

Cross Reference Table

Symbol                                            File
ADC0_1_IRQHandler                                 build/startup_gd32f30x_hd.o
ADC2_IRQHandler                                   build/startup_gd32f30x_hd.o
BusFault_Handler                                  build/gd32f30x_it.o
CAN0_EWMC_IRQHandler                              build/startup_gd32f30x_hd.o
CAN0_RX1_IRQHandler                               build/startup_gd32f30x_hd.o
DMA0_Channel0_IRQHandler                          build/startup_gd32f30x_hd.o
DMA0_Channel1_IRQHandler                          build/startup_gd32f30x_hd.o
DMA0_Channel2_IRQHandler                          build/startup_gd32f30x_hd.o
DMA0_Channel3_IRQHandler                          build/startup_gd32f30x_hd.o
DMA0_Channel4_IRQHandler                          build/startup_gd32f30x_hd.o
DMA0_Channel5_IRQHandler                          build/startup_gd32f30x_hd.o
DMA0_Channel6_IRQHandler                          build/startup_gd32f30x_hd.o
DMA1_Channel0_IRQHandler                          build/startup_gd32f30x_hd.o
DMA1_Channel1_IRQHandler                          build/startup_gd32f30x_hd.o
DMA1_Channel2_IRQHandler                          build/startup_gd32f30x_hd.o
DMA1_Channel3_4_IRQHandler                        build/startup_gd32f30x_hd.o
DebugMon_Handler                                  build/gd32f30x_it.o
Default_Handler                                   build/startup_gd32f30x_hd.o
EXMC_IRQHandler                                   build/startup_gd32f30x_hd.o
EXTI0_IRQHandler                                  build/startup_gd32f30x_hd.o
EXTI10_15_IRQHandler                              build/startup_gd32f30x_hd.o
EXTI1_IRQHandler                                  build/startup_gd32f30x_hd.o
EXTI2_IRQHandler                                  build/startup_gd32f30x_hd.o
EXTI3_IRQHandler                                  build/startup_gd32f30x_hd.o
EXTI4_IRQHandler                                  build/startup_gd32f30x_hd.o
EXTI5_9_IRQHandler                                build/startup_gd32f30x_hd.o
FMC_IRQHandler                                    build/startup_gd32f30x_hd.o
HardFault_Handler                                 build/gd32f30x_it.o
I2C0_ER_IRQHandler                                build/startup_gd32f30x_hd.o
I2C0_EV_IRQHandler                                build/startup_gd32f30x_hd.o
I2C1_ER_IRQHandler                                build/startup_gd32f30x_hd.o
I2C1_EV_IRQHandler                                build/startup_gd32f30x_hd.o
LVD_IRQHandler                                    build/startup_gd32f30x_hd.o
MemManage_Handler                                 build/gd32f30x_it.o
NMI_Handler                                       build/gd32f30x_it.o
PendSV_Handler                                    build/gd32f30x_it.o
RCU_CTC_IRQHandler                                build/startup_gd32f30x_hd.o
RTC_Alarm_IRQHandler                              build/startup_gd32f30x_hd.o
RTC_IRQHandler                                    build/startup_gd32f30x_hd.o
Reset_Handler                                     build/startup_gd32f30x_hd.o
SDIO_IRQHandler                                   build/startup_gd32f30x_hd.o
SPI0_IRQHandler                                   build/startup_gd32f30x_hd.o
SPI1_IRQHandler                                   build/startup_gd32f30x_hd.o
SPI2_IRQHandler                                   build/startup_gd32f30x_hd.o
SVC_Handler                                       build/gd32f30x_it.o
SysTick_Handler                                   build/gd32f30x_it.o
SystemCoreClock                                   build/system_gd32f30x.o
                                                  build/systick.o
SystemCoreClockUpdate                             build/system_gd32f30x.o
SystemInit                                        build/system_gd32f30x.o
                                                  build/startup_gd32f30x_hd.o
TAMPER_IRQHandler                                 build/startup_gd32f30x_hd.o
TIMER0_BRK_IRQHandler                             build/startup_gd32f30x_hd.o
TIMER0_Channel_IRQHandler                         build/startup_gd32f30x_hd.o
TIMER0_TRG_CMT_IRQHandler                         build/startup_gd32f30x_hd.o
TIMER0_UP_IRQHandler                              build/startup_gd32f30x_hd.o
TIMER1_IRQHandler                                 build/startup_gd32f30x_hd.o
TIMER2_IRQHandler                                 build/startup_gd32f30x_hd.o
TIMER3_IRQHandler                                 build/startup_gd32f30x_hd.o
TIMER4_IRQHandler                                 build/startup_gd32f30x_hd.o
TIMER5_IRQHandler                                 build/startup_gd32f30x_hd.o
TIMER6_IRQHandler                                 build/startup_gd32f30x_hd.o
TIMER7_BRK_IRQHandler                             build/startup_gd32f30x_hd.o
TIMER7_Channel_IRQHandler                         build/startup_gd32f30x_hd.o
TIMER7_TRG_CMT_IRQHandler                         build/startup_gd32f30x_hd.o
TIMER7_UP_IRQHandler                              build/startup_gd32f30x_hd.o
UART3_IRQHandler                                  build/startup_gd32f30x_hd.o
UART4_IRQHandler                                  build/startup_gd32f30x_hd.o
USART0_IRQHandler                                 build/startup_gd32f30x_hd.o
USART1_IRQHandler                                 build/startup_gd32f30x_hd.o
USART2_IRQHandler                                 build/startup_gd32f30x_hd.o
USBD_HP_CAN0_TX_IRQHandler                        build/startup_gd32f30x_hd.o
USBD_LP_CAN0_RX0_IRQHandler                       build/startup_gd32f30x_hd.o
USBD_WKUP_IRQHandler                              build/startup_gd32f30x_hd.o
UsageFault_Handler                                build/gd32f30x_it.o
WWDGT_IRQHandler                                  build/startup_gd32f30x_hd.o
__bss_end__                                       c:/ST/STM32CubeIDE_1.15.0/STM32CubeIDE/plugins/com.st.stm32cube.ide.mcu.externaltools.gnu-tools-for-stm32.12.3.rel1.win32_1.0.100.202403111256/tools/bin/../lib/gcc/arm-none-eabi/12.3.1/../../../../arm-none-eabi/lib/thumb/v7e-m+fp/hard/crt0.o
__bss_start__                                     c:/ST/STM32CubeIDE_1.15.0/STM32CubeIDE/plugins/com.st.stm32cube.ide.mcu.externaltools.gnu-tools-for-stm32.12.3.rel1.win32_1.0.100.202403111256/tools/bin/../lib/gcc/arm-none-eabi/12.3.1/../../../../arm-none-eabi/lib/thumb/v7e-m+fp/hard/crt0.o
__call_exitprocs                                  c:/ST/STM32CubeIDE_1.15.0/STM32CubeIDE/plugins/com.st.stm32cube.ide.mcu.externaltools.gnu-tools-for-stm32.12.3.rel1.win32_1.0.100.202403111256/tools/bin/../lib/gcc/arm-none-eabi/12.3.1/../../../../arm-none-eabi/lib/thumb/v7e-m+fp/hard\libc_nano.a(libc_a-exit.o)
__deregister_frame_info                           c:/ST/STM32CubeIDE_1.15.0/STM32CubeIDE/plugins/com.st.stm32cube.ide.mcu.externaltools.gnu-tools-for-stm32.12.3.rel1.win32_1.0.100.202403111256/tools/bin/../lib/gcc/arm-none-eabi/12.3.1/thumb/v7e-m+fp/hard/crtbegin.o
__dso_handle                                      c:/ST/STM32CubeIDE_1.15.0/STM32CubeIDE/plugins/com.st.stm32cube.ide.mcu.externaltools.gnu-tools-for-stm32.12.3.rel1.win32_1.0.100.202403111256/tools/bin/../lib/gcc/arm-none-eabi/12.3.1/thumb/v7e-m+fp/hard/crtbegin.o
__fp_lock_all                                     c:/ST/STM32CubeIDE_1.15.0/STM32CubeIDE/plugins/com.st.stm32cube.ide.mcu.externaltools.gnu-tools-for-stm32.12.3.rel1.win32_1.0.100.202403111256/tools/bin/../lib/gcc/arm-none-eabi/12.3.1/../../../../arm-none-eabi/lib/thumb/v7e-m+fp/hard\libc_nano.a(libc_a-findfp.o)
__fp_unlock_all                                   c:/ST/STM32CubeIDE_1.15.0/STM32CubeIDE/plugins/com.st.stm32cube.ide.mcu.externaltools.gnu-tools-for-stm32.12.3.rel1.win32_1.0.100.202403111256/tools/bin/../lib/gcc/arm-none-eabi/12.3.1/../../../../arm-none-eabi/lib/thumb/v7e-m+fp/hard\libc_nano.a(libc_a-findfp.o)
__gVectors                                        build/startup_gd32f30x_hd.o
__init_array_end                                  c:/ST/STM32CubeIDE_1.15.0/STM32CubeIDE/plugins/com.st.stm32cube.ide.mcu.externaltools.gnu-tools-for-stm32.12.3.rel1.win32_1.0.100.202403111256/tools/bin/../lib/gcc/arm-none-eabi/12.3.1/../../../../arm-none-eabi/lib/thumb/v7e-m+fp/hard\libc_nano.a(libc_a-init.o)
__init_array_start                                c:/ST/STM32CubeIDE_1.15.0/STM32CubeIDE/plugins/com.st.stm32cube.ide.mcu.externaltools.gnu-tools-for-stm32.12.3.rel1.win32_1.0.100.202403111256/tools/bin/../lib/gcc/arm-none-eabi/12.3.1/../../../../arm-none-eabi/lib/thumb/v7e-m+fp/hard\libc_nano.a(libc_a-init.o)
__libc_fini_array                                 c:/ST/STM32CubeIDE_1.15.0/STM32CubeIDE/plugins/com.st.stm32cube.ide.mcu.externaltools.gnu-tools-for-stm32.12.3.rel1.win32_1.0.100.202403111256/tools/bin/../lib/gcc/arm-none-eabi/12.3.1/../../../../arm-none-eabi/lib/thumb/v7e-m+fp/hard/crt0.o
__libc_init_array                                 c:/ST/STM32CubeIDE_1.15.0/STM32CubeIDE/plugins/com.st.stm32cube.ide.mcu.externaltools.gnu-tools-for-stm32.12.3.rel1.win32_1.0.100.202403111256/tools/bin/../lib/gcc/arm-none-eabi/12.3.1/../../../../arm-none-eabi/lib/thumb/v7e-m+fp/hard\libc_nano.a(libc_a-init.o)
                                                  build/startup_gd32f30x_hd.o
                                                  c:/ST/STM32CubeIDE_1.15.0/STM32CubeIDE/plugins/com.st.stm32cube.ide.mcu.externaltools.gnu-tools-for-stm32.12.3.rel1.win32_1.0.100.202403111256/tools/bin/../lib/gcc/arm-none-eabi/12.3.1/../../../../arm-none-eabi/lib/thumb/v7e-m+fp/hard/crt0.o
__lock___arc4random_mutex                         c:/ST/STM32CubeIDE_1.15.0/STM32CubeIDE/plugins/com.st.stm32cube.ide.mcu.externaltools.gnu-tools-for-stm32.12.3.rel1.win32_1.0.100.202403111256/tools/bin/../lib/gcc/arm-none-eabi/12.3.1/../../../../arm-none-eabi/lib/thumb/v7e-m+fp/hard\libc_nano.a(libc_a-lock.o)
__lock___at_quick_exit_mutex                      c:/ST/STM32CubeIDE_1.15.0/STM32CubeIDE/plugins/com.st.stm32cube.ide.mcu.externaltools.gnu-tools-for-stm32.12.3.rel1.win32_1.0.100.202403111256/tools/bin/../lib/gcc/arm-none-eabi/12.3.1/../../../../arm-none-eabi/lib/thumb/v7e-m+fp/hard\libc_nano.a(libc_a-lock.o)
__lock___atexit_recursive_mutex                   c:/ST/STM32CubeIDE_1.15.0/STM32CubeIDE/plugins/com.st.stm32cube.ide.mcu.externaltools.gnu-tools-for-stm32.12.3.rel1.win32_1.0.100.202403111256/tools/bin/../lib/gcc/arm-none-eabi/12.3.1/../../../../arm-none-eabi/lib/thumb/v7e-m+fp/hard\libc_nano.a(libc_a-lock.o)
__lock___dd_hash_mutex                            c:/ST/STM32CubeIDE_1.15.0/STM32CubeIDE/plugins/com.st.stm32cube.ide.mcu.externaltools.gnu-tools-for-stm32.12.3.rel1.win32_1.0.100.202403111256/tools/bin/../lib/gcc/arm-none-eabi/12.3.1/../../../../arm-none-eabi/lib/thumb/v7e-m+fp/hard\libc_nano.a(libc_a-lock.o)
__lock___env_recursive_mutex                      c:/ST/STM32CubeIDE_1.15.0/STM32CubeIDE/plugins/com.st.stm32cube.ide.mcu.externaltools.gnu-tools-for-stm32.12.3.rel1.win32_1.0.100.202403111256/tools/bin/../lib/gcc/arm-none-eabi/12.3.1/../../../../arm-none-eabi/lib/thumb/v7e-m+fp/hard\libc_nano.a(libc_a-lock.o)
__lock___malloc_recursive_mutex                   c:/ST/STM32CubeIDE_1.15.0/STM32CubeIDE/plugins/com.st.stm32cube.ide.mcu.externaltools.gnu-tools-for-stm32.12.3.rel1.win32_1.0.100.202403111256/tools/bin/../lib/gcc/arm-none-eabi/12.3.1/../../../../arm-none-eabi/lib/thumb/v7e-m+fp/hard\libc_nano.a(libc_a-lock.o)
                                                  c:/ST/STM32CubeIDE_1.15.0/STM32CubeIDE/plugins/com.st.stm32cube.ide.mcu.externaltools.gnu-tools-for-stm32.12.3.rel1.win32_1.0.100.202403111256/tools/bin/../lib/gcc/arm-none-eabi/12.3.1/../../../../arm-none-eabi/lib/thumb/v7e-m+fp/hard\libc_nano.a(libc_a-mlock.o)
__lock___sfp_recursive_mutex                      c:/ST/STM32CubeIDE_1.15.0/STM32CubeIDE/plugins/com.st.stm32cube.ide.mcu.externaltools.gnu-tools-for-stm32.12.3.rel1.win32_1.0.100.202403111256/tools/bin/../lib/gcc/arm-none-eabi/12.3.1/../../../../arm-none-eabi/lib/thumb/v7e-m+fp/hard\libc_nano.a(libc_a-lock.o)
                                                  c:/ST/STM32CubeIDE_1.15.0/STM32CubeIDE/plugins/com.st.stm32cube.ide.mcu.externaltools.gnu-tools-for-stm32.12.3.rel1.win32_1.0.100.202403111256/tools/bin/../lib/gcc/arm-none-eabi/12.3.1/../../../../arm-none-eabi/lib/thumb/v7e-m+fp/hard\libc_nano.a(libc_a-findfp.o)
__lock___tz_mutex                                 c:/ST/STM32CubeIDE_1.15.0/STM32CubeIDE/plugins/com.st.stm32cube.ide.mcu.externaltools.gnu-tools-for-stm32.12.3.rel1.win32_1.0.100.202403111256/tools/bin/../lib/gcc/arm-none-eabi/12.3.1/../../../../arm-none-eabi/lib/thumb/v7e-m+fp/hard\libc_nano.a(libc_a-lock.o)
__malloc_free_list                                c:/ST/STM32CubeIDE_1.15.0/STM32CubeIDE/plugins/com.st.stm32cube.ide.mcu.externaltools.gnu-tools-for-stm32.12.3.rel1.win32_1.0.100.202403111256/tools/bin/../lib/gcc/arm-none-eabi/12.3.1/../../../../arm-none-eabi/lib/thumb/v7e-m+fp/hard\libc_nano.a(libc_a-mallocr.o)
                                                  c:/ST/STM32CubeIDE_1.15.0/STM32CubeIDE/plugins/com.st.stm32cube.ide.mcu.externaltools.gnu-tools-for-stm32.12.3.rel1.win32_1.0.100.202403111256/tools/bin/../lib/gcc/arm-none-eabi/12.3.1/../../../../arm-none-eabi/lib/thumb/v7e-m+fp/hard\libc_nano.a(libc_a-freer.o)
__malloc_lock                                     c:/ST/STM32CubeIDE_1.15.0/STM32CubeIDE/plugins/com.st.stm32cube.ide.mcu.externaltools.gnu-tools-for-stm32.12.3.rel1.win32_1.0.100.202403111256/tools/bin/../lib/gcc/arm-none-eabi/12.3.1/../../../../arm-none-eabi/lib/thumb/v7e-m+fp/hard\libc_nano.a(libc_a-mlock.o)
                                                  c:/ST/STM32CubeIDE_1.15.0/STM32CubeIDE/plugins/com.st.stm32cube.ide.mcu.externaltools.gnu-tools-for-stm32.12.3.rel1.win32_1.0.100.202403111256/tools/bin/../lib/gcc/arm-none-eabi/12.3.1/../../../../arm-none-eabi/lib/thumb/v7e-m+fp/hard\libc_nano.a(libc_a-mallocr.o)
                                                  c:/ST/STM32CubeIDE_1.15.0/STM32CubeIDE/plugins/com.st.stm32cube.ide.mcu.externaltools.gnu-tools-for-stm32.12.3.rel1.win32_1.0.100.202403111256/tools/bin/../lib/gcc/arm-none-eabi/12.3.1/../../../../arm-none-eabi/lib/thumb/v7e-m+fp/hard\libc_nano.a(libc_a-freer.o)
__malloc_sbrk_start                               c:/ST/STM32CubeIDE_1.15.0/STM32CubeIDE/plugins/com.st.stm32cube.ide.mcu.externaltools.gnu-tools-for-stm32.12.3.rel1.win32_1.0.100.202403111256/tools/bin/../lib/gcc/arm-none-eabi/12.3.1/../../../../arm-none-eabi/lib/thumb/v7e-m+fp/hard\libc_nano.a(libc_a-mallocr.o)
__malloc_unlock                                   c:/ST/STM32CubeIDE_1.15.0/STM32CubeIDE/plugins/com.st.stm32cube.ide.mcu.externaltools.gnu-tools-for-stm32.12.3.rel1.win32_1.0.100.202403111256/tools/bin/../lib/gcc/arm-none-eabi/12.3.1/../../../../arm-none-eabi/lib/thumb/v7e-m+fp/hard\libc_nano.a(libc_a-mlock.o)
                                                  c:/ST/STM32CubeIDE_1.15.0/STM32CubeIDE/plugins/com.st.stm32cube.ide.mcu.externaltools.gnu-tools-for-stm32.12.3.rel1.win32_1.0.100.202403111256/tools/bin/../lib/gcc/arm-none-eabi/12.3.1/../../../../arm-none-eabi/lib/thumb/v7e-m+fp/hard\libc_nano.a(libc_a-mallocr.o)
                                                  c:/ST/STM32CubeIDE_1.15.0/STM32CubeIDE/plugins/com.st.stm32cube.ide.mcu.externaltools.gnu-tools-for-stm32.12.3.rel1.win32_1.0.100.202403111256/tools/bin/../lib/gcc/arm-none-eabi/12.3.1/../../../../arm-none-eabi/lib/thumb/v7e-m+fp/hard\libc_nano.a(libc_a-freer.o)
__preinit_array_end                               c:/ST/STM32CubeIDE_1.15.0/STM32CubeIDE/plugins/com.st.stm32cube.ide.mcu.externaltools.gnu-tools-for-stm32.12.3.rel1.win32_1.0.100.202403111256/tools/bin/../lib/gcc/arm-none-eabi/12.3.1/../../../../arm-none-eabi/lib/thumb/v7e-m+fp/hard\libc_nano.a(libc_a-init.o)
__preinit_array_start                             c:/ST/STM32CubeIDE_1.15.0/STM32CubeIDE/plugins/com.st.stm32cube.ide.mcu.externaltools.gnu-tools-for-stm32.12.3.rel1.win32_1.0.100.202403111256/tools/bin/../lib/gcc/arm-none-eabi/12.3.1/../../../../arm-none-eabi/lib/thumb/v7e-m+fp/hard\libc_nano.a(libc_a-init.o)
__register_frame_info                             c:/ST/STM32CubeIDE_1.15.0/STM32CubeIDE/plugins/com.st.stm32cube.ide.mcu.externaltools.gnu-tools-for-stm32.12.3.rel1.win32_1.0.100.202403111256/tools/bin/../lib/gcc/arm-none-eabi/12.3.1/thumb/v7e-m+fp/hard/crtbegin.o
__retarget_lock_acquire                           c:/ST/STM32CubeIDE_1.15.0/STM32CubeIDE/plugins/com.st.stm32cube.ide.mcu.externaltools.gnu-tools-for-stm32.12.3.rel1.win32_1.0.100.202403111256/tools/bin/../lib/gcc/arm-none-eabi/12.3.1/../../../../arm-none-eabi/lib/thumb/v7e-m+fp/hard\libc_nano.a(libc_a-lock.o)
__retarget_lock_acquire_recursive                 c:/ST/STM32CubeIDE_1.15.0/STM32CubeIDE/plugins/com.st.stm32cube.ide.mcu.externaltools.gnu-tools-for-stm32.12.3.rel1.win32_1.0.100.202403111256/tools/bin/../lib/gcc/arm-none-eabi/12.3.1/../../../../arm-none-eabi/lib/thumb/v7e-m+fp/hard\libc_nano.a(libc_a-lock.o)
                                                  c:/ST/STM32CubeIDE_1.15.0/STM32CubeIDE/plugins/com.st.stm32cube.ide.mcu.externaltools.gnu-tools-for-stm32.12.3.rel1.win32_1.0.100.202403111256/tools/bin/../lib/gcc/arm-none-eabi/12.3.1/../../../../arm-none-eabi/lib/thumb/v7e-m+fp/hard\libc_nano.a(libc_a-fflush.o)
                                                  c:/ST/STM32CubeIDE_1.15.0/STM32CubeIDE/plugins/com.st.stm32cube.ide.mcu.externaltools.gnu-tools-for-stm32.12.3.rel1.win32_1.0.100.202403111256/tools/bin/../lib/gcc/arm-none-eabi/12.3.1/../../../../arm-none-eabi/lib/thumb/v7e-m+fp/hard\libc_nano.a(libc_a-mlock.o)
                                                  c:/ST/STM32CubeIDE_1.15.0/STM32CubeIDE/plugins/com.st.stm32cube.ide.mcu.externaltools.gnu-tools-for-stm32.12.3.rel1.win32_1.0.100.202403111256/tools/bin/../lib/gcc/arm-none-eabi/12.3.1/../../../../arm-none-eabi/lib/thumb/v7e-m+fp/hard\libc_nano.a(libc_a-findfp.o)
__retarget_lock_close                             c:/ST/STM32CubeIDE_1.15.0/STM32CubeIDE/plugins/com.st.stm32cube.ide.mcu.externaltools.gnu-tools-for-stm32.12.3.rel1.win32_1.0.100.202403111256/tools/bin/../lib/gcc/arm-none-eabi/12.3.1/../../../../arm-none-eabi/lib/thumb/v7e-m+fp/hard\libc_nano.a(libc_a-lock.o)
__retarget_lock_close_recursive                   c:/ST/STM32CubeIDE_1.15.0/STM32CubeIDE/plugins/com.st.stm32cube.ide.mcu.externaltools.gnu-tools-for-stm32.12.3.rel1.win32_1.0.100.202403111256/tools/bin/../lib/gcc/arm-none-eabi/12.3.1/../../../../arm-none-eabi/lib/thumb/v7e-m+fp/hard\libc_nano.a(libc_a-lock.o)
__retarget_lock_init                              c:/ST/STM32CubeIDE_1.15.0/STM32CubeIDE/plugins/com.st.stm32cube.ide.mcu.externaltools.gnu-tools-for-stm32.12.3.rel1.win32_1.0.100.202403111256/tools/bin/../lib/gcc/arm-none-eabi/12.3.1/../../../../arm-none-eabi/lib/thumb/v7e-m+fp/hard\libc_nano.a(libc_a-lock.o)
__retarget_lock_init_recursive                    c:/ST/STM32CubeIDE_1.15.0/STM32CubeIDE/plugins/com.st.stm32cube.ide.mcu.externaltools.gnu-tools-for-stm32.12.3.rel1.win32_1.0.100.202403111256/tools/bin/../lib/gcc/arm-none-eabi/12.3.1/../../../../arm-none-eabi/lib/thumb/v7e-m+fp/hard\libc_nano.a(libc_a-lock.o)
                                                  c:/ST/STM32CubeIDE_1.15.0/STM32CubeIDE/plugins/com.st.stm32cube.ide.mcu.externaltools.gnu-tools-for-stm32.12.3.rel1.win32_1.0.100.202403111256/tools/bin/../lib/gcc/arm-none-eabi/12.3.1/../../../../arm-none-eabi/lib/thumb/v7e-m+fp/hard\libc_nano.a(libc_a-findfp.o)
__retarget_lock_release                           c:/ST/STM32CubeIDE_1.15.0/STM32CubeIDE/plugins/com.st.stm32cube.ide.mcu.externaltools.gnu-tools-for-stm32.12.3.rel1.win32_1.0.100.202403111256/tools/bin/../lib/gcc/arm-none-eabi/12.3.1/../../../../arm-none-eabi/lib/thumb/v7e-m+fp/hard\libc_nano.a(libc_a-lock.o)
__retarget_lock_release_recursive                 c:/ST/STM32CubeIDE_1.15.0/STM32CubeIDE/plugins/com.st.stm32cube.ide.mcu.externaltools.gnu-tools-for-stm32.12.3.rel1.win32_1.0.100.202403111256/tools/bin/../lib/gcc/arm-none-eabi/12.3.1/../../../../arm-none-eabi/lib/thumb/v7e-m+fp/hard\libc_nano.a(libc_a-lock.o)
                                                  c:/ST/STM32CubeIDE_1.15.0/STM32CubeIDE/plugins/com.st.stm32cube.ide.mcu.externaltools.gnu-tools-for-stm32.12.3.rel1.win32_1.0.100.202403111256/tools/bin/../lib/gcc/arm-none-eabi/12.3.1/../../../../arm-none-eabi/lib/thumb/v7e-m+fp/hard\libc_nano.a(libc_a-fflush.o)
                                                  c:/ST/STM32CubeIDE_1.15.0/STM32CubeIDE/plugins/com.st.stm32cube.ide.mcu.externaltools.gnu-tools-for-stm32.12.3.rel1.win32_1.0.100.202403111256/tools/bin/../lib/gcc/arm-none-eabi/12.3.1/../../../../arm-none-eabi/lib/thumb/v7e-m+fp/hard\libc_nano.a(libc_a-mlock.o)
                                                  c:/ST/STM32CubeIDE_1.15.0/STM32CubeIDE/plugins/com.st.stm32cube.ide.mcu.externaltools.gnu-tools-for-stm32.12.3.rel1.win32_1.0.100.202403111256/tools/bin/../lib/gcc/arm-none-eabi/12.3.1/../../../../arm-none-eabi/lib/thumb/v7e-m+fp/hard\libc_nano.a(libc_a-findfp.o)
__retarget_lock_try_acquire                       c:/ST/STM32CubeIDE_1.15.0/STM32CubeIDE/plugins/com.st.stm32cube.ide.mcu.externaltools.gnu-tools-for-stm32.12.3.rel1.win32_1.0.100.202403111256/tools/bin/../lib/gcc/arm-none-eabi/12.3.1/../../../../arm-none-eabi/lib/thumb/v7e-m+fp/hard\libc_nano.a(libc_a-lock.o)
__retarget_lock_try_acquire_recursive             c:/ST/STM32CubeIDE_1.15.0/STM32CubeIDE/plugins/com.st.stm32cube.ide.mcu.externaltools.gnu-tools-for-stm32.12.3.rel1.win32_1.0.100.202403111256/tools/bin/../lib/gcc/arm-none-eabi/12.3.1/../../../../arm-none-eabi/lib/thumb/v7e-m+fp/hard\libc_nano.a(libc_a-lock.o)
__sclose                                          c:/ST/STM32CubeIDE_1.15.0/STM32CubeIDE/plugins/com.st.stm32cube.ide.mcu.externaltools.gnu-tools-for-stm32.12.3.rel1.win32_1.0.100.202403111256/tools/bin/../lib/gcc/arm-none-eabi/12.3.1/../../../../arm-none-eabi/lib/thumb/v7e-m+fp/hard\libc_nano.a(libc_a-stdio.o)
                                                  c:/ST/STM32CubeIDE_1.15.0/STM32CubeIDE/plugins/com.st.stm32cube.ide.mcu.externaltools.gnu-tools-for-stm32.12.3.rel1.win32_1.0.100.202403111256/tools/bin/../lib/gcc/arm-none-eabi/12.3.1/../../../../arm-none-eabi/lib/thumb/v7e-m+fp/hard\libc_nano.a(libc_a-findfp.o)
__seofread                                        c:/ST/STM32CubeIDE_1.15.0/STM32CubeIDE/plugins/com.st.stm32cube.ide.mcu.externaltools.gnu-tools-for-stm32.12.3.rel1.win32_1.0.100.202403111256/tools/bin/../lib/gcc/arm-none-eabi/12.3.1/../../../../arm-none-eabi/lib/thumb/v7e-m+fp/hard\libc_nano.a(libc_a-stdio.o)
__sf                                              c:/ST/STM32CubeIDE_1.15.0/STM32CubeIDE/plugins/com.st.stm32cube.ide.mcu.externaltools.gnu-tools-for-stm32.12.3.rel1.win32_1.0.100.202403111256/tools/bin/../lib/gcc/arm-none-eabi/12.3.1/../../../../arm-none-eabi/lib/thumb/v7e-m+fp/hard\libc_nano.a(libc_a-findfp.o)
                                                  c:/ST/STM32CubeIDE_1.15.0/STM32CubeIDE/plugins/com.st.stm32cube.ide.mcu.externaltools.gnu-tools-for-stm32.12.3.rel1.win32_1.0.100.202403111256/tools/bin/../lib/gcc/arm-none-eabi/12.3.1/../../../../arm-none-eabi/lib/thumb/v7e-m+fp/hard\libc_nano.a(libc_a-impure.o)
__sflush_r                                        c:/ST/STM32CubeIDE_1.15.0/STM32CubeIDE/plugins/com.st.stm32cube.ide.mcu.externaltools.gnu-tools-for-stm32.12.3.rel1.win32_1.0.100.202403111256/tools/bin/../lib/gcc/arm-none-eabi/12.3.1/../../../../arm-none-eabi/lib/thumb/v7e-m+fp/hard\libc_nano.a(libc_a-fflush.o)
__sfp                                             c:/ST/STM32CubeIDE_1.15.0/STM32CubeIDE/plugins/com.st.stm32cube.ide.mcu.externaltools.gnu-tools-for-stm32.12.3.rel1.win32_1.0.100.202403111256/tools/bin/../lib/gcc/arm-none-eabi/12.3.1/../../../../arm-none-eabi/lib/thumb/v7e-m+fp/hard\libc_nano.a(libc_a-findfp.o)
__sfp_lock_acquire                                c:/ST/STM32CubeIDE_1.15.0/STM32CubeIDE/plugins/com.st.stm32cube.ide.mcu.externaltools.gnu-tools-for-stm32.12.3.rel1.win32_1.0.100.202403111256/tools/bin/../lib/gcc/arm-none-eabi/12.3.1/../../../../arm-none-eabi/lib/thumb/v7e-m+fp/hard\libc_nano.a(libc_a-findfp.o)
__sfp_lock_release                                c:/ST/STM32CubeIDE_1.15.0/STM32CubeIDE/plugins/com.st.stm32cube.ide.mcu.externaltools.gnu-tools-for-stm32.12.3.rel1.win32_1.0.100.202403111256/tools/bin/../lib/gcc/arm-none-eabi/12.3.1/../../../../arm-none-eabi/lib/thumb/v7e-m+fp/hard\libc_nano.a(libc_a-findfp.o)
__sglue                                           c:/ST/STM32CubeIDE_1.15.0/STM32CubeIDE/plugins/com.st.stm32cube.ide.mcu.externaltools.gnu-tools-for-stm32.12.3.rel1.win32_1.0.100.202403111256/tools/bin/../lib/gcc/arm-none-eabi/12.3.1/../../../../arm-none-eabi/lib/thumb/v7e-m+fp/hard\libc_nano.a(libc_a-findfp.o)
                                                  c:/ST/STM32CubeIDE_1.15.0/STM32CubeIDE/plugins/com.st.stm32cube.ide.mcu.externaltools.gnu-tools-for-stm32.12.3.rel1.win32_1.0.100.202403111256/tools/bin/../lib/gcc/arm-none-eabi/12.3.1/../../../../arm-none-eabi/lib/thumb/v7e-m+fp/hard\libc_nano.a(libc_a-fflush.o)
__sinit                                           c:/ST/STM32CubeIDE_1.15.0/STM32CubeIDE/plugins/com.st.stm32cube.ide.mcu.externaltools.gnu-tools-for-stm32.12.3.rel1.win32_1.0.100.202403111256/tools/bin/../lib/gcc/arm-none-eabi/12.3.1/../../../../arm-none-eabi/lib/thumb/v7e-m+fp/hard\libc_nano.a(libc_a-findfp.o)
                                                  c:/ST/STM32CubeIDE_1.15.0/STM32CubeIDE/plugins/com.st.stm32cube.ide.mcu.externaltools.gnu-tools-for-stm32.12.3.rel1.win32_1.0.100.202403111256/tools/bin/../lib/gcc/arm-none-eabi/12.3.1/../../../../arm-none-eabi/lib/thumb/v7e-m+fp/hard\libc_nano.a(libc_a-fflush.o)
__sread                                           c:/ST/STM32CubeIDE_1.15.0/STM32CubeIDE/plugins/com.st.stm32cube.ide.mcu.externaltools.gnu-tools-for-stm32.12.3.rel1.win32_1.0.100.202403111256/tools/bin/../lib/gcc/arm-none-eabi/12.3.1/../../../../arm-none-eabi/lib/thumb/v7e-m+fp/hard\libc_nano.a(libc_a-stdio.o)
                                                  c:/ST/STM32CubeIDE_1.15.0/STM32CubeIDE/plugins/com.st.stm32cube.ide.mcu.externaltools.gnu-tools-for-stm32.12.3.rel1.win32_1.0.100.202403111256/tools/bin/../lib/gcc/arm-none-eabi/12.3.1/../../../../arm-none-eabi/lib/thumb/v7e-m+fp/hard\libc_nano.a(libc_a-findfp.o)
__sseek                                           c:/ST/STM32CubeIDE_1.15.0/STM32CubeIDE/plugins/com.st.stm32cube.ide.mcu.externaltools.gnu-tools-for-stm32.12.3.rel1.win32_1.0.100.202403111256/tools/bin/../lib/gcc/arm-none-eabi/12.3.1/../../../../arm-none-eabi/lib/thumb/v7e-m+fp/hard\libc_nano.a(libc_a-stdio.o)
                                                  c:/ST/STM32CubeIDE_1.15.0/STM32CubeIDE/plugins/com.st.stm32cube.ide.mcu.externaltools.gnu-tools-for-stm32.12.3.rel1.win32_1.0.100.202403111256/tools/bin/../lib/gcc/arm-none-eabi/12.3.1/../../../../arm-none-eabi/lib/thumb/v7e-m+fp/hard\libc_nano.a(libc_a-findfp.o)
__stack                                           c:/ST/STM32CubeIDE_1.15.0/STM32CubeIDE/plugins/com.st.stm32cube.ide.mcu.externaltools.gnu-tools-for-stm32.12.3.rel1.win32_1.0.100.202403111256/tools/bin/../lib/gcc/arm-none-eabi/12.3.1/../../../../arm-none-eabi/lib/thumb/v7e-m+fp/hard/crt0.o
__stdio_exit_handler                              c:/ST/STM32CubeIDE_1.15.0/STM32CubeIDE/plugins/com.st.stm32cube.ide.mcu.externaltools.gnu-tools-for-stm32.12.3.rel1.win32_1.0.100.202403111256/tools/bin/../lib/gcc/arm-none-eabi/12.3.1/../../../../arm-none-eabi/lib/thumb/v7e-m+fp/hard\libc_nano.a(libc_a-findfp.o)
                                                  c:/ST/STM32CubeIDE_1.15.0/STM32CubeIDE/plugins/com.st.stm32cube.ide.mcu.externaltools.gnu-tools-for-stm32.12.3.rel1.win32_1.0.100.202403111256/tools/bin/../lib/gcc/arm-none-eabi/12.3.1/../../../../arm-none-eabi/lib/thumb/v7e-m+fp/hard\libc_nano.a(libc_a-exit.o)
__swrite                                          c:/ST/STM32CubeIDE_1.15.0/STM32CubeIDE/plugins/com.st.stm32cube.ide.mcu.externaltools.gnu-tools-for-stm32.12.3.rel1.win32_1.0.100.202403111256/tools/bin/../lib/gcc/arm-none-eabi/12.3.1/../../../../arm-none-eabi/lib/thumb/v7e-m+fp/hard\libc_nano.a(libc_a-stdio.o)
                                                  c:/ST/STM32CubeIDE_1.15.0/STM32CubeIDE/plugins/com.st.stm32cube.ide.mcu.externaltools.gnu-tools-for-stm32.12.3.rel1.win32_1.0.100.202403111256/tools/bin/../lib/gcc/arm-none-eabi/12.3.1/../../../../arm-none-eabi/lib/thumb/v7e-m+fp/hard\libc_nano.a(libc_a-findfp.o)
_close                                            c:/ST/STM32CubeIDE_1.15.0/STM32CubeIDE/plugins/com.st.stm32cube.ide.mcu.externaltools.gnu-tools-for-stm32.12.3.rel1.win32_1.0.100.202403111256/tools/bin/../lib/gcc/arm-none-eabi/12.3.1/../../../../arm-none-eabi/lib/thumb/v7e-m+fp/hard\libnosys.a(close.o)
                                                  c:/ST/STM32CubeIDE_1.15.0/STM32CubeIDE/plugins/com.st.stm32cube.ide.mcu.externaltools.gnu-tools-for-stm32.12.3.rel1.win32_1.0.100.202403111256/tools/bin/../lib/gcc/arm-none-eabi/12.3.1/../../../../arm-none-eabi/lib/thumb/v7e-m+fp/hard\libc_nano.a(libc_a-closer.o)
_close_r                                          c:/ST/STM32CubeIDE_1.15.0/STM32CubeIDE/plugins/com.st.stm32cube.ide.mcu.externaltools.gnu-tools-for-stm32.12.3.rel1.win32_1.0.100.202403111256/tools/bin/../lib/gcc/arm-none-eabi/12.3.1/../../../../arm-none-eabi/lib/thumb/v7e-m+fp/hard\libc_nano.a(libc_a-closer.o)
                                                  c:/ST/STM32CubeIDE_1.15.0/STM32CubeIDE/plugins/com.st.stm32cube.ide.mcu.externaltools.gnu-tools-for-stm32.12.3.rel1.win32_1.0.100.202403111256/tools/bin/../lib/gcc/arm-none-eabi/12.3.1/../../../../arm-none-eabi/lib/thumb/v7e-m+fp/hard\libc_nano.a(libc_a-stdio.o)
_ebss                                             build/startup_gd32f30x_hd.o
_edata                                            build/startup_gd32f30x_hd.o
_exit                                             c:/ST/STM32CubeIDE_1.15.0/STM32CubeIDE/plugins/com.st.stm32cube.ide.mcu.externaltools.gnu-tools-for-stm32.12.3.rel1.win32_1.0.100.202403111256/tools/bin/../lib/gcc/arm-none-eabi/12.3.1/../../../../arm-none-eabi/lib/thumb/v7e-m+fp/hard\libnosys.a(_exit.o)
                                                  c:/ST/STM32CubeIDE_1.15.0/STM32CubeIDE/plugins/com.st.stm32cube.ide.mcu.externaltools.gnu-tools-for-stm32.12.3.rel1.win32_1.0.100.202403111256/tools/bin/../lib/gcc/arm-none-eabi/12.3.1/../../../../arm-none-eabi/lib/thumb/v7e-m+fp/hard\libc_nano.a(libc_a-exit.o)
_fflush_r                                         c:/ST/STM32CubeIDE_1.15.0/STM32CubeIDE/plugins/com.st.stm32cube.ide.mcu.externaltools.gnu-tools-for-stm32.12.3.rel1.win32_1.0.100.202403111256/tools/bin/../lib/gcc/arm-none-eabi/12.3.1/../../../../arm-none-eabi/lib/thumb/v7e-m+fp/hard\libc_nano.a(libc_a-fflush.o)
                                                  c:/ST/STM32CubeIDE_1.15.0/STM32CubeIDE/plugins/com.st.stm32cube.ide.mcu.externaltools.gnu-tools-for-stm32.12.3.rel1.win32_1.0.100.202403111256/tools/bin/../lib/gcc/arm-none-eabi/12.3.1/../../../../arm-none-eabi/lib/thumb/v7e-m+fp/hard\libc_nano.a(libc_a-findfp.o)
_fini                                             c:/ST/STM32CubeIDE_1.15.0/STM32CubeIDE/plugins/com.st.stm32cube.ide.mcu.externaltools.gnu-tools-for-stm32.12.3.rel1.win32_1.0.100.202403111256/tools/bin/../lib/gcc/arm-none-eabi/12.3.1/thumb/v7e-m+fp/hard/crti.o
_free_r                                           c:/ST/STM32CubeIDE_1.15.0/STM32CubeIDE/plugins/com.st.stm32cube.ide.mcu.externaltools.gnu-tools-for-stm32.12.3.rel1.win32_1.0.100.202403111256/tools/bin/../lib/gcc/arm-none-eabi/12.3.1/../../../../arm-none-eabi/lib/thumb/v7e-m+fp/hard\libc_nano.a(libc_a-freer.o)
                                                  c:/ST/STM32CubeIDE_1.15.0/STM32CubeIDE/plugins/com.st.stm32cube.ide.mcu.externaltools.gnu-tools-for-stm32.12.3.rel1.win32_1.0.100.202403111256/tools/bin/../lib/gcc/arm-none-eabi/12.3.1/../../../../arm-none-eabi/lib/thumb/v7e-m+fp/hard\libc_nano.a(libc_a-fflush.o)
                                                  c:/ST/STM32CubeIDE_1.15.0/STM32CubeIDE/plugins/com.st.stm32cube.ide.mcu.externaltools.gnu-tools-for-stm32.12.3.rel1.win32_1.0.100.202403111256/tools/bin/../lib/gcc/arm-none-eabi/12.3.1/../../../../arm-none-eabi/lib/thumb/v7e-m+fp/hard\libc_nano.a(libc_a-reent.o)
_fwalk_sglue                                      c:/ST/STM32CubeIDE_1.15.0/STM32CubeIDE/plugins/com.st.stm32cube.ide.mcu.externaltools.gnu-tools-for-stm32.12.3.rel1.win32_1.0.100.202403111256/tools/bin/../lib/gcc/arm-none-eabi/12.3.1/../../../../arm-none-eabi/lib/thumb/v7e-m+fp/hard\libc_nano.a(libc_a-fwalk.o)
                                                  c:/ST/STM32CubeIDE_1.15.0/STM32CubeIDE/plugins/com.st.stm32cube.ide.mcu.externaltools.gnu-tools-for-stm32.12.3.rel1.win32_1.0.100.202403111256/tools/bin/../lib/gcc/arm-none-eabi/12.3.1/../../../../arm-none-eabi/lib/thumb/v7e-m+fp/hard\libc_nano.a(libc_a-fflush.o)
                                                  c:/ST/STM32CubeIDE_1.15.0/STM32CubeIDE/plugins/com.st.stm32cube.ide.mcu.externaltools.gnu-tools-for-stm32.12.3.rel1.win32_1.0.100.202403111256/tools/bin/../lib/gcc/arm-none-eabi/12.3.1/../../../../arm-none-eabi/lib/thumb/v7e-m+fp/hard\libc_nano.a(libc_a-findfp.o)
_impure_data                                      c:/ST/STM32CubeIDE_1.15.0/STM32CubeIDE/plugins/com.st.stm32cube.ide.mcu.externaltools.gnu-tools-for-stm32.12.3.rel1.win32_1.0.100.202403111256/tools/bin/../lib/gcc/arm-none-eabi/12.3.1/../../../../arm-none-eabi/lib/thumb/v7e-m+fp/hard\libc_nano.a(libc_a-impure.o)
                                                  c:/ST/STM32CubeIDE_1.15.0/STM32CubeIDE/plugins/com.st.stm32cube.ide.mcu.externaltools.gnu-tools-for-stm32.12.3.rel1.win32_1.0.100.202403111256/tools/bin/../lib/gcc/arm-none-eabi/12.3.1/../../../../arm-none-eabi/lib/thumb/v7e-m+fp/hard\libc_nano.a(libc_a-fflush.o)
                                                  c:/ST/STM32CubeIDE_1.15.0/STM32CubeIDE/plugins/com.st.stm32cube.ide.mcu.externaltools.gnu-tools-for-stm32.12.3.rel1.win32_1.0.100.202403111256/tools/bin/../lib/gcc/arm-none-eabi/12.3.1/../../../../arm-none-eabi/lib/thumb/v7e-m+fp/hard\libc_nano.a(libc_a-findfp.o)
_impure_ptr                                       c:/ST/STM32CubeIDE_1.15.0/STM32CubeIDE/plugins/com.st.stm32cube.ide.mcu.externaltools.gnu-tools-for-stm32.12.3.rel1.win32_1.0.100.202403111256/tools/bin/../lib/gcc/arm-none-eabi/12.3.1/../../../../arm-none-eabi/lib/thumb/v7e-m+fp/hard\libc_nano.a(libc_a-impure.o)
                                                  c:/ST/STM32CubeIDE_1.15.0/STM32CubeIDE/plugins/com.st.stm32cube.ide.mcu.externaltools.gnu-tools-for-stm32.12.3.rel1.win32_1.0.100.202403111256/tools/bin/../lib/gcc/arm-none-eabi/12.3.1/../../../../arm-none-eabi/lib/thumb/v7e-m+fp/hard\libc_nano.a(libc_a-fflush.o)
                                                  c:/ST/STM32CubeIDE_1.15.0/STM32CubeIDE/plugins/com.st.stm32cube.ide.mcu.externaltools.gnu-tools-for-stm32.12.3.rel1.win32_1.0.100.202403111256/tools/bin/../lib/gcc/arm-none-eabi/12.3.1/../../../../arm-none-eabi/lib/thumb/v7e-m+fp/hard\libc_nano.a(libc_a-reent.o)
_init                                             c:/ST/STM32CubeIDE_1.15.0/STM32CubeIDE/plugins/com.st.stm32cube.ide.mcu.externaltools.gnu-tools-for-stm32.12.3.rel1.win32_1.0.100.202403111256/tools/bin/../lib/gcc/arm-none-eabi/12.3.1/thumb/v7e-m+fp/hard/crti.o
                                                  c:/ST/STM32CubeIDE_1.15.0/STM32CubeIDE/plugins/com.st.stm32cube.ide.mcu.externaltools.gnu-tools-for-stm32.12.3.rel1.win32_1.0.100.202403111256/tools/bin/../lib/gcc/arm-none-eabi/12.3.1/../../../../arm-none-eabi/lib/thumb/v7e-m+fp/hard\libc_nano.a(libc_a-init.o)
_lseek                                            c:/ST/STM32CubeIDE_1.15.0/STM32CubeIDE/plugins/com.st.stm32cube.ide.mcu.externaltools.gnu-tools-for-stm32.12.3.rel1.win32_1.0.100.202403111256/tools/bin/../lib/gcc/arm-none-eabi/12.3.1/../../../../arm-none-eabi/lib/thumb/v7e-m+fp/hard\libnosys.a(lseek.o)
                                                  c:/ST/STM32CubeIDE_1.15.0/STM32CubeIDE/plugins/com.st.stm32cube.ide.mcu.externaltools.gnu-tools-for-stm32.12.3.rel1.win32_1.0.100.202403111256/tools/bin/../lib/gcc/arm-none-eabi/12.3.1/../../../../arm-none-eabi/lib/thumb/v7e-m+fp/hard\libc_nano.a(libc_a-lseekr.o)
_lseek_r                                          c:/ST/STM32CubeIDE_1.15.0/STM32CubeIDE/plugins/com.st.stm32cube.ide.mcu.externaltools.gnu-tools-for-stm32.12.3.rel1.win32_1.0.100.202403111256/tools/bin/../lib/gcc/arm-none-eabi/12.3.1/../../../../arm-none-eabi/lib/thumb/v7e-m+fp/hard\libc_nano.a(libc_a-lseekr.o)
                                                  c:/ST/STM32CubeIDE_1.15.0/STM32CubeIDE/plugins/com.st.stm32cube.ide.mcu.externaltools.gnu-tools-for-stm32.12.3.rel1.win32_1.0.100.202403111256/tools/bin/../lib/gcc/arm-none-eabi/12.3.1/../../../../arm-none-eabi/lib/thumb/v7e-m+fp/hard\libc_nano.a(libc_a-stdio.o)
_mainCRTStartup                                   c:/ST/STM32CubeIDE_1.15.0/STM32CubeIDE/plugins/com.st.stm32cube.ide.mcu.externaltools.gnu-tools-for-stm32.12.3.rel1.win32_1.0.100.202403111256/tools/bin/../lib/gcc/arm-none-eabi/12.3.1/../../../../arm-none-eabi/lib/thumb/v7e-m+fp/hard/crt0.o
_malloc_r                                         c:/ST/STM32CubeIDE_1.15.0/STM32CubeIDE/plugins/com.st.stm32cube.ide.mcu.externaltools.gnu-tools-for-stm32.12.3.rel1.win32_1.0.100.202403111256/tools/bin/../lib/gcc/arm-none-eabi/12.3.1/../../../../arm-none-eabi/lib/thumb/v7e-m+fp/hard\libc_nano.a(libc_a-mallocr.o)
                                                  c:/ST/STM32CubeIDE_1.15.0/STM32CubeIDE/plugins/com.st.stm32cube.ide.mcu.externaltools.gnu-tools-for-stm32.12.3.rel1.win32_1.0.100.202403111256/tools/bin/../lib/gcc/arm-none-eabi/12.3.1/../../../../arm-none-eabi/lib/thumb/v7e-m+fp/hard\libc_nano.a(libc_a-findfp.o)
_read                                             c:/ST/STM32CubeIDE_1.15.0/STM32CubeIDE/plugins/com.st.stm32cube.ide.mcu.externaltools.gnu-tools-for-stm32.12.3.rel1.win32_1.0.100.202403111256/tools/bin/../lib/gcc/arm-none-eabi/12.3.1/../../../../arm-none-eabi/lib/thumb/v7e-m+fp/hard\libnosys.a(read.o)
                                                  c:/ST/STM32CubeIDE_1.15.0/STM32CubeIDE/plugins/com.st.stm32cube.ide.mcu.externaltools.gnu-tools-for-stm32.12.3.rel1.win32_1.0.100.202403111256/tools/bin/../lib/gcc/arm-none-eabi/12.3.1/../../../../arm-none-eabi/lib/thumb/v7e-m+fp/hard\libc_nano.a(libc_a-readr.o)
_read_r                                           c:/ST/STM32CubeIDE_1.15.0/STM32CubeIDE/plugins/com.st.stm32cube.ide.mcu.externaltools.gnu-tools-for-stm32.12.3.rel1.win32_1.0.100.202403111256/tools/bin/../lib/gcc/arm-none-eabi/12.3.1/../../../../arm-none-eabi/lib/thumb/v7e-m+fp/hard\libc_nano.a(libc_a-readr.o)
                                                  c:/ST/STM32CubeIDE_1.15.0/STM32CubeIDE/plugins/com.st.stm32cube.ide.mcu.externaltools.gnu-tools-for-stm32.12.3.rel1.win32_1.0.100.202403111256/tools/bin/../lib/gcc/arm-none-eabi/12.3.1/../../../../arm-none-eabi/lib/thumb/v7e-m+fp/hard\libc_nano.a(libc_a-stdio.o)
_reclaim_reent                                    c:/ST/STM32CubeIDE_1.15.0/STM32CubeIDE/plugins/com.st.stm32cube.ide.mcu.externaltools.gnu-tools-for-stm32.12.3.rel1.win32_1.0.100.202403111256/tools/bin/../lib/gcc/arm-none-eabi/12.3.1/../../../../arm-none-eabi/lib/thumb/v7e-m+fp/hard\libc_nano.a(libc_a-reent.o)
_sbrk                                             c:/ST/STM32CubeIDE_1.15.0/STM32CubeIDE/plugins/com.st.stm32cube.ide.mcu.externaltools.gnu-tools-for-stm32.12.3.rel1.win32_1.0.100.202403111256/tools/bin/../lib/gcc/arm-none-eabi/12.3.1/../../../../arm-none-eabi/lib/thumb/v7e-m+fp/hard\libnosys.a(sbrk.o)
                                                  c:/ST/STM32CubeIDE_1.15.0/STM32CubeIDE/plugins/com.st.stm32cube.ide.mcu.externaltools.gnu-tools-for-stm32.12.3.rel1.win32_1.0.100.202403111256/tools/bin/../lib/gcc/arm-none-eabi/12.3.1/../../../../arm-none-eabi/lib/thumb/v7e-m+fp/hard\libc_nano.a(libc_a-sbrkr.o)
_sbrk_r                                           c:/ST/STM32CubeIDE_1.15.0/STM32CubeIDE/plugins/com.st.stm32cube.ide.mcu.externaltools.gnu-tools-for-stm32.12.3.rel1.win32_1.0.100.202403111256/tools/bin/../lib/gcc/arm-none-eabi/12.3.1/../../../../arm-none-eabi/lib/thumb/v7e-m+fp/hard\libc_nano.a(libc_a-sbrkr.o)
                                                  c:/ST/STM32CubeIDE_1.15.0/STM32CubeIDE/plugins/com.st.stm32cube.ide.mcu.externaltools.gnu-tools-for-stm32.12.3.rel1.win32_1.0.100.202403111256/tools/bin/../lib/gcc/arm-none-eabi/12.3.1/../../../../arm-none-eabi/lib/thumb/v7e-m+fp/hard\libc_nano.a(libc_a-mallocr.o)
_sbss                                             build/startup_gd32f30x_hd.o
_sdata                                            build/startup_gd32f30x_hd.o
_sidata                                           build/startup_gd32f30x_hd.o
_sp                                               build/startup_gd32f30x_hd.o
_stack_init                                       c:/ST/STM32CubeIDE_1.15.0/STM32CubeIDE/plugins/com.st.stm32cube.ide.mcu.externaltools.gnu-tools-for-stm32.12.3.rel1.win32_1.0.100.202403111256/tools/bin/../lib/gcc/arm-none-eabi/12.3.1/../../../../arm-none-eabi/lib/thumb/v7e-m+fp/hard/crt0.o
_start                                            c:/ST/STM32CubeIDE_1.15.0/STM32CubeIDE/plugins/com.st.stm32cube.ide.mcu.externaltools.gnu-tools-for-stm32.12.3.rel1.win32_1.0.100.202403111256/tools/bin/../lib/gcc/arm-none-eabi/12.3.1/../../../../arm-none-eabi/lib/thumb/v7e-m+fp/hard/crt0.o
_write                                            c:/ST/STM32CubeIDE_1.15.0/STM32CubeIDE/plugins/com.st.stm32cube.ide.mcu.externaltools.gnu-tools-for-stm32.12.3.rel1.win32_1.0.100.202403111256/tools/bin/../lib/gcc/arm-none-eabi/12.3.1/../../../../arm-none-eabi/lib/thumb/v7e-m+fp/hard\libnosys.a(write.o)
                                                  c:/ST/STM32CubeIDE_1.15.0/STM32CubeIDE/plugins/com.st.stm32cube.ide.mcu.externaltools.gnu-tools-for-stm32.12.3.rel1.win32_1.0.100.202403111256/tools/bin/../lib/gcc/arm-none-eabi/12.3.1/../../../../arm-none-eabi/lib/thumb/v7e-m+fp/hard\libc_nano.a(libc_a-writer.o)
_write_r                                          c:/ST/STM32CubeIDE_1.15.0/STM32CubeIDE/plugins/com.st.stm32cube.ide.mcu.externaltools.gnu-tools-for-stm32.12.3.rel1.win32_1.0.100.202403111256/tools/bin/../lib/gcc/arm-none-eabi/12.3.1/../../../../arm-none-eabi/lib/thumb/v7e-m+fp/hard\libc_nano.a(libc_a-writer.o)
                                                  c:/ST/STM32CubeIDE_1.15.0/STM32CubeIDE/plugins/com.st.stm32cube.ide.mcu.externaltools.gnu-tools-for-stm32.12.3.rel1.win32_1.0.100.202403111256/tools/bin/../lib/gcc/arm-none-eabi/12.3.1/../../../../arm-none-eabi/lib/thumb/v7e-m+fp/hard\libc_nano.a(libc_a-stdio.o)
adc_calibration_enable                            build/gd32f30x_adc.o
adc_channel_length_config                         build/gd32f30x_adc.o
adc_data_alignment_config                         build/gd32f30x_adc.o
adc_deinit                                        build/gd32f30x_adc.o
adc_disable                                       build/gd32f30x_adc.o
adc_discontinuous_mode_config                     build/gd32f30x_adc.o
adc_dma_mode_disable                              build/gd32f30x_adc.o
adc_dma_mode_enable                               build/gd32f30x_adc.o
adc_enable                                        build/gd32f30x_adc.o
adc_external_trigger_config                       build/gd32f30x_adc.o
adc_external_trigger_source_config                build/gd32f30x_adc.o
adc_flag_clear                                    build/gd32f30x_adc.o
adc_flag_get                                      build/gd32f30x_adc.o
adc_inserted_channel_config                       build/gd32f30x_adc.o
adc_inserted_channel_offset_config                build/gd32f30x_adc.o
adc_inserted_data_read                            build/gd32f30x_adc.o
adc_interrupt_disable                             build/gd32f30x_adc.o
adc_interrupt_enable                              build/gd32f30x_adc.o
adc_interrupt_flag_clear                          build/gd32f30x_adc.o
adc_interrupt_flag_get                            build/gd32f30x_adc.o
adc_mode_config                                   build/gd32f30x_adc.o
adc_oversample_mode_config                        build/gd32f30x_adc.o
adc_oversample_mode_disable                       build/gd32f30x_adc.o
adc_oversample_mode_enable                        build/gd32f30x_adc.o
adc_regular_channel_config                        build/gd32f30x_adc.o
adc_regular_data_read                             build/gd32f30x_adc.o
adc_resolution_config                             build/gd32f30x_adc.o
adc_software_trigger_enable                       build/gd32f30x_adc.o
adc_special_function_config                       build/gd32f30x_adc.o
adc_sync_mode_convert_value_read                  build/gd32f30x_adc.o
adc_tempsensor_vrefint_disable                    build/gd32f30x_adc.o
adc_tempsensor_vrefint_enable                     build/gd32f30x_adc.o
adc_watchdog_disable                              build/gd32f30x_adc.o
adc_watchdog_group_channel_enable                 build/gd32f30x_adc.o
adc_watchdog_single_channel_enable                build/gd32f30x_adc.o
adc_watchdog_threshold_config                     build/gd32f30x_adc.o
atexit                                            c:/ST/STM32CubeIDE_1.15.0/STM32CubeIDE/plugins/com.st.stm32cube.ide.mcu.externaltools.gnu-tools-for-stm32.12.3.rel1.win32_1.0.100.202403111256/tools/bin/../lib/gcc/arm-none-eabi/12.3.1/../../../../arm-none-eabi/lib/thumb/v7e-m+fp/hard/crt0.o
bkp_deinit                                        build/gd32f30x_bkp.o
bkp_flag_clear                                    build/gd32f30x_bkp.o
bkp_flag_get                                      build/gd32f30x_bkp.o
bkp_interrupt_flag_clear                          build/gd32f30x_bkp.o
bkp_interrupt_flag_get                            build/gd32f30x_bkp.o
bkp_read_data                                     build/gd32f30x_bkp.o
bkp_rtc_calibration_output_disable                build/gd32f30x_bkp.o
bkp_rtc_calibration_output_enable                 build/gd32f30x_bkp.o
bkp_rtc_calibration_value_set                     build/gd32f30x_bkp.o
bkp_rtc_clock_calibration_direction               build/gd32f30x_bkp.o
bkp_rtc_clock_output_select                       build/gd32f30x_bkp.o
bkp_rtc_output_select                             build/gd32f30x_bkp.o
bkp_rtc_signal_output_disable                     build/gd32f30x_bkp.o
bkp_rtc_signal_output_enable                      build/gd32f30x_bkp.o
bkp_tamper_active_level_set                       build/gd32f30x_bkp.o
bkp_tamper_detection_disable                      build/gd32f30x_bkp.o
bkp_tamper_detection_enable                       build/gd32f30x_bkp.o
bkp_tamper_interrupt_disable                      build/gd32f30x_bkp.o
bkp_tamper_interrupt_enable                       build/gd32f30x_bkp.o
bkp_write_data                                    build/gd32f30x_bkp.o
can1_filter_start_bank                            build/gd32f30x_can.o
can_debug_freeze_disable                          build/gd32f30x_can.o
can_debug_freeze_enable                           build/gd32f30x_can.o
can_deinit                                        build/gd32f30x_can.o
can_error_get                                     build/gd32f30x_can.o
can_fifo_release                                  build/gd32f30x_can.o
can_filter_init                                   build/gd32f30x_can.o
can_flag_clear                                    build/gd32f30x_can.o
can_flag_get                                      build/gd32f30x_can.o
can_init                                          build/gd32f30x_can.o
can_interrupt_disable                             build/gd32f30x_can.o
can_interrupt_enable                              build/gd32f30x_can.o
can_interrupt_flag_clear                          build/gd32f30x_can.o
can_interrupt_flag_get                            build/gd32f30x_can.o
can_message_receive                               build/gd32f30x_can.o
can_message_transmit                              build/gd32f30x_can.o
can_receive_error_number_get                      build/gd32f30x_can.o
can_receive_message_length_get                    build/gd32f30x_can.o
can_struct_para_init                              build/gd32f30x_can.o
can_time_trigger_mode_disable                     build/gd32f30x_can.o
can_time_trigger_mode_enable                      build/gd32f30x_can.o
can_transmission_stop                             build/gd32f30x_can.o
can_transmit_error_number_get                     build/gd32f30x_can.o
can_transmit_states                               build/gd32f30x_can.o
can_wakeup                                        build/gd32f30x_can.o
can_working_mode_set                              build/gd32f30x_can.o
crc_block_data_calculate                          build/gd32f30x_crc.o
crc_data_register_read                            build/gd32f30x_crc.o
crc_data_register_reset                           build/gd32f30x_crc.o
crc_deinit                                        build/gd32f30x_crc.o
crc_free_data_register_read                       build/gd32f30x_crc.o
crc_free_data_register_write                      build/gd32f30x_crc.o
crc_single_data_calculate                         build/gd32f30x_crc.o
ctc_clock_limit_value_config                      build/gd32f30x_ctc.o
ctc_counter_capture_value_read                    build/gd32f30x_ctc.o
ctc_counter_direction_read                        build/gd32f30x_ctc.o
ctc_counter_disable                               build/gd32f30x_ctc.o
ctc_counter_enable                                build/gd32f30x_ctc.o
ctc_counter_reload_value_config                   build/gd32f30x_ctc.o
ctc_counter_reload_value_read                     build/gd32f30x_ctc.o
ctc_deinit                                        build/gd32f30x_ctc.o
ctc_flag_clear                                    build/gd32f30x_ctc.o
ctc_flag_get                                      build/gd32f30x_ctc.o
ctc_hardware_trim_mode_config                     build/gd32f30x_ctc.o
ctc_interrupt_disable                             build/gd32f30x_ctc.o
ctc_interrupt_enable                              build/gd32f30x_ctc.o
ctc_interrupt_flag_clear                          build/gd32f30x_ctc.o
ctc_interrupt_flag_get                            build/gd32f30x_ctc.o
ctc_irc48m_trim_value_config                      build/gd32f30x_ctc.o
ctc_irc48m_trim_value_read                        build/gd32f30x_ctc.o
ctc_refsource_polarity_config                     build/gd32f30x_ctc.o
ctc_refsource_prescaler_config                    build/gd32f30x_ctc.o
ctc_refsource_signal_select                       build/gd32f30x_ctc.o
ctc_software_refsource_pulse_generate             build/gd32f30x_ctc.o
dac_concurrent_data_set                           build/gd32f30x_dac.o
dac_concurrent_disable                            build/gd32f30x_dac.o
dac_concurrent_enable                             build/gd32f30x_dac.o
dac_concurrent_output_buffer_disable              build/gd32f30x_dac.o
dac_concurrent_output_buffer_enable               build/gd32f30x_dac.o
dac_concurrent_software_trigger_enable            build/gd32f30x_dac.o
dac_data_set                                      build/gd32f30x_dac.o
dac_deinit                                        build/gd32f30x_dac.o
dac_disable                                       build/gd32f30x_dac.o
dac_dma_disable                                   build/gd32f30x_dac.o
dac_dma_enable                                    build/gd32f30x_dac.o
dac_enable                                        build/gd32f30x_dac.o
dac_lfsr_noise_config                             build/gd32f30x_dac.o
dac_output_buffer_disable                         build/gd32f30x_dac.o
dac_output_buffer_enable                          build/gd32f30x_dac.o
dac_output_value_get                              build/gd32f30x_dac.o
dac_software_trigger_enable                       build/gd32f30x_dac.o
dac_triangle_noise_config                         build/gd32f30x_dac.o
dac_trigger_disable                               build/gd32f30x_dac.o
dac_trigger_enable                                build/gd32f30x_dac.o
dac_trigger_source_config                         build/gd32f30x_dac.o
dac_wave_mode_config                              build/gd32f30x_dac.o
dbg_deinit                                        build/gd32f30x_dbg.o
dbg_id_get                                        build/gd32f30x_dbg.o
dbg_low_power_disable                             build/gd32f30x_dbg.o
dbg_low_power_enable                              build/gd32f30x_dbg.o
dbg_periph_disable                                build/gd32f30x_dbg.o
                                                  build/gd32f30x_can.o
dbg_periph_enable                                 build/gd32f30x_dbg.o
                                                  build/gd32f30x_can.o
dbg_trace_pin_disable                             build/gd32f30x_dbg.o
dbg_trace_pin_enable                              build/gd32f30x_dbg.o
delay_1ms                                         build/systick.o
delay_decrement                                   build/systick.o
dma_channel_disable                               build/gd32f30x_dma.o
dma_channel_enable                                build/gd32f30x_dma.o
dma_circulation_disable                           build/gd32f30x_dma.o
dma_circulation_enable                            build/gd32f30x_dma.o
dma_deinit                                        build/gd32f30x_dma.o
dma_flag_clear                                    build/gd32f30x_dma.o
dma_flag_get                                      build/gd32f30x_dma.o
dma_init                                          build/gd32f30x_dma.o
dma_interrupt_disable                             build/gd32f30x_dma.o
dma_interrupt_enable                              build/gd32f30x_dma.o
dma_interrupt_flag_clear                          build/gd32f30x_dma.o
dma_interrupt_flag_get                            build/gd32f30x_dma.o
dma_memory_address_config                         build/gd32f30x_dma.o
dma_memory_increase_disable                       build/gd32f30x_dma.o
dma_memory_increase_enable                        build/gd32f30x_dma.o
dma_memory_to_memory_disable                      build/gd32f30x_dma.o
dma_memory_to_memory_enable                       build/gd32f30x_dma.o
dma_memory_width_config                           build/gd32f30x_dma.o
dma_periph_address_config                         build/gd32f30x_dma.o
dma_periph_increase_disable                       build/gd32f30x_dma.o
dma_periph_increase_enable                        build/gd32f30x_dma.o
dma_periph_width_config                           build/gd32f30x_dma.o
dma_priority_config                               build/gd32f30x_dma.o
dma_struct_para_init                              build/gd32f30x_dma.o
dma_transfer_direction_config                     build/gd32f30x_dma.o
dma_transfer_number_config                        build/gd32f30x_dma.o
dma_transfer_number_get                           build/gd32f30x_dma.o
end                                               c:/ST/STM32CubeIDE_1.15.0/STM32CubeIDE/plugins/com.st.stm32cube.ide.mcu.externaltools.gnu-tools-for-stm32.12.3.rel1.win32_1.0.100.202403111256/tools/bin/../lib/gcc/arm-none-eabi/12.3.1/../../../../arm-none-eabi/lib/thumb/v7e-m+fp/hard\libnosys.a(sbrk.o)
errno                                             c:/ST/STM32CubeIDE_1.15.0/STM32CubeIDE/plugins/com.st.stm32cube.ide.mcu.externaltools.gnu-tools-for-stm32.12.3.rel1.win32_1.0.100.202403111256/tools/bin/../lib/gcc/arm-none-eabi/12.3.1/../../../../arm-none-eabi/lib/thumb/v7e-m+fp/hard\libc_nano.a(libc_a-reent.o)
                                                  c:/ST/STM32CubeIDE_1.15.0/STM32CubeIDE/plugins/com.st.stm32cube.ide.mcu.externaltools.gnu-tools-for-stm32.12.3.rel1.win32_1.0.100.202403111256/tools/bin/../lib/gcc/arm-none-eabi/12.3.1/../../../../arm-none-eabi/lib/thumb/v7e-m+fp/hard\libnosys.a(write.o)
                                                  c:/ST/STM32CubeIDE_1.15.0/STM32CubeIDE/plugins/com.st.stm32cube.ide.mcu.externaltools.gnu-tools-for-stm32.12.3.rel1.win32_1.0.100.202403111256/tools/bin/../lib/gcc/arm-none-eabi/12.3.1/../../../../arm-none-eabi/lib/thumb/v7e-m+fp/hard\libnosys.a(read.o)
                                                  c:/ST/STM32CubeIDE_1.15.0/STM32CubeIDE/plugins/com.st.stm32cube.ide.mcu.externaltools.gnu-tools-for-stm32.12.3.rel1.win32_1.0.100.202403111256/tools/bin/../lib/gcc/arm-none-eabi/12.3.1/../../../../arm-none-eabi/lib/thumb/v7e-m+fp/hard\libnosys.a(lseek.o)
                                                  c:/ST/STM32CubeIDE_1.15.0/STM32CubeIDE/plugins/com.st.stm32cube.ide.mcu.externaltools.gnu-tools-for-stm32.12.3.rel1.win32_1.0.100.202403111256/tools/bin/../lib/gcc/arm-none-eabi/12.3.1/../../../../arm-none-eabi/lib/thumb/v7e-m+fp/hard\libnosys.a(close.o)
                                                  c:/ST/STM32CubeIDE_1.15.0/STM32CubeIDE/plugins/com.st.stm32cube.ide.mcu.externaltools.gnu-tools-for-stm32.12.3.rel1.win32_1.0.100.202403111256/tools/bin/../lib/gcc/arm-none-eabi/12.3.1/../../../../arm-none-eabi/lib/thumb/v7e-m+fp/hard\libc_nano.a(libc_a-sbrkr.o)
                                                  c:/ST/STM32CubeIDE_1.15.0/STM32CubeIDE/plugins/com.st.stm32cube.ide.mcu.externaltools.gnu-tools-for-stm32.12.3.rel1.win32_1.0.100.202403111256/tools/bin/../lib/gcc/arm-none-eabi/12.3.1/../../../../arm-none-eabi/lib/thumb/v7e-m+fp/hard\libc_nano.a(libc_a-writer.o)
                                                  c:/ST/STM32CubeIDE_1.15.0/STM32CubeIDE/plugins/com.st.stm32cube.ide.mcu.externaltools.gnu-tools-for-stm32.12.3.rel1.win32_1.0.100.202403111256/tools/bin/../lib/gcc/arm-none-eabi/12.3.1/../../../../arm-none-eabi/lib/thumb/v7e-m+fp/hard\libc_nano.a(libc_a-readr.o)
                                                  c:/ST/STM32CubeIDE_1.15.0/STM32CubeIDE/plugins/com.st.stm32cube.ide.mcu.externaltools.gnu-tools-for-stm32.12.3.rel1.win32_1.0.100.202403111256/tools/bin/../lib/gcc/arm-none-eabi/12.3.1/../../../../arm-none-eabi/lib/thumb/v7e-m+fp/hard\libc_nano.a(libc_a-lseekr.o)
                                                  c:/ST/STM32CubeIDE_1.15.0/STM32CubeIDE/plugins/com.st.stm32cube.ide.mcu.externaltools.gnu-tools-for-stm32.12.3.rel1.win32_1.0.100.202403111256/tools/bin/../lib/gcc/arm-none-eabi/12.3.1/../../../../arm-none-eabi/lib/thumb/v7e-m+fp/hard\libc_nano.a(libc_a-closer.o)
exit                                              c:/ST/STM32CubeIDE_1.15.0/STM32CubeIDE/plugins/com.st.stm32cube.ide.mcu.externaltools.gnu-tools-for-stm32.12.3.rel1.win32_1.0.100.202403111256/tools/bin/../lib/gcc/arm-none-eabi/12.3.1/../../../../arm-none-eabi/lib/thumb/v7e-m+fp/hard\libc_nano.a(libc_a-exit.o)
                                                  c:/ST/STM32CubeIDE_1.15.0/STM32CubeIDE/plugins/com.st.stm32cube.ide.mcu.externaltools.gnu-tools-for-stm32.12.3.rel1.win32_1.0.100.202403111256/tools/bin/../lib/gcc/arm-none-eabi/12.3.1/../../../../arm-none-eabi/lib/thumb/v7e-m+fp/hard/crt0.o
exmc_ecc_get                                      build/gd32f30x_exmc.o
exmc_flag_clear                                   build/gd32f30x_exmc.o
exmc_flag_get                                     build/gd32f30x_exmc.o
exmc_interrupt_disable                            build/gd32f30x_exmc.o
exmc_interrupt_enable                             build/gd32f30x_exmc.o
exmc_interrupt_flag_clear                         build/gd32f30x_exmc.o
exmc_interrupt_flag_get                           build/gd32f30x_exmc.o
exmc_nand_deinit                                  build/gd32f30x_exmc.o
exmc_nand_disable                                 build/gd32f30x_exmc.o
exmc_nand_ecc_config                              build/gd32f30x_exmc.o
exmc_nand_enable                                  build/gd32f30x_exmc.o
exmc_nand_init                                    build/gd32f30x_exmc.o
exmc_nand_struct_para_init                        build/gd32f30x_exmc.o
exmc_norsram_deinit                               build/gd32f30x_exmc.o
exmc_norsram_disable                              build/gd32f30x_exmc.o
exmc_norsram_enable                               build/gd32f30x_exmc.o
exmc_norsram_init                                 build/gd32f30x_exmc.o
exmc_norsram_page_size_config                     build/gd32f30x_exmc.o
exmc_norsram_struct_para_init                     build/gd32f30x_exmc.o
exmc_pccard_deinit                                build/gd32f30x_exmc.o
exmc_pccard_disable                               build/gd32f30x_exmc.o
exmc_pccard_enable                                build/gd32f30x_exmc.o
exmc_pccard_init                                  build/gd32f30x_exmc.o
exmc_pccard_struct_para_init                      build/gd32f30x_exmc.o
exti_deinit                                       build/gd32f30x_exti.o
exti_event_disable                                build/gd32f30x_exti.o
exti_event_enable                                 build/gd32f30x_exti.o
exti_flag_clear                                   build/gd32f30x_exti.o
exti_flag_get                                     build/gd32f30x_exti.o
exti_init                                         build/gd32f30x_exti.o
exti_interrupt_disable                            build/gd32f30x_exti.o
exti_interrupt_enable                             build/gd32f30x_exti.o
exti_interrupt_flag_clear                         build/gd32f30x_exti.o
exti_interrupt_flag_get                           build/gd32f30x_exti.o
exti_software_interrupt_disable                   build/gd32f30x_exti.o
exti_software_interrupt_enable                    build/gd32f30x_exti.o
fflush                                            c:/ST/STM32CubeIDE_1.15.0/STM32CubeIDE/plugins/com.st.stm32cube.ide.mcu.externaltools.gnu-tools-for-stm32.12.3.rel1.win32_1.0.100.202403111256/tools/bin/../lib/gcc/arm-none-eabi/12.3.1/../../../../arm-none-eabi/lib/thumb/v7e-m+fp/hard\libc_nano.a(libc_a-fflush.o)
fmc_bank0_erase                                   build/gd32f30x_fmc.o
fmc_bank0_lock                                    build/gd32f30x_fmc.o
fmc_bank0_ready_wait                              build/gd32f30x_fmc.o
fmc_bank0_state_get                               build/gd32f30x_fmc.o
fmc_bank0_unlock                                  build/gd32f30x_fmc.o
fmc_bank1_erase                                   build/gd32f30x_fmc.o
fmc_bank1_lock                                    build/gd32f30x_fmc.o
fmc_bank1_ready_wait                              build/gd32f30x_fmc.o
fmc_bank1_state_get                               build/gd32f30x_fmc.o
fmc_bank1_unlock                                  build/gd32f30x_fmc.o
fmc_flag_clear                                    build/gd32f30x_fmc.o
fmc_flag_get                                      build/gd32f30x_fmc.o
fmc_halfword_program                              build/gd32f30x_fmc.o
fmc_interrupt_disable                             build/gd32f30x_fmc.o
fmc_interrupt_enable                              build/gd32f30x_fmc.o
fmc_interrupt_flag_clear                          build/gd32f30x_fmc.o
fmc_interrupt_flag_get                            build/gd32f30x_fmc.o
fmc_lock                                          build/gd32f30x_fmc.o
fmc_mass_erase                                    build/gd32f30x_fmc.o
fmc_page_erase                                    build/gd32f30x_fmc.o
fmc_unlock                                        build/gd32f30x_fmc.o
fmc_word_program                                  build/gd32f30x_fmc.o
fmc_word_reprogram                                build/gd32f30x_fmc.o
fmc_wscnt_set                                     build/gd32f30x_fmc.o
fwdgt_config                                      build/gd32f30x_fwdgt.o
fwdgt_counter_reload                              build/gd32f30x_fwdgt.o
fwdgt_enable                                      build/gd32f30x_fwdgt.o
fwdgt_flag_get                                    build/gd32f30x_fwdgt.o
fwdgt_prescaler_value_config                      build/gd32f30x_fwdgt.o
fwdgt_reload_value_config                         build/gd32f30x_fwdgt.o
fwdgt_write_disable                               build/gd32f30x_fwdgt.o
fwdgt_write_enable                                build/gd32f30x_fwdgt.o
gpio_afio_deinit                                  build/gd32f30x_gpio.o
gpio_bit_reset                                    build/gd32f30x_gpio.o
gpio_bit_set                                      build/gd32f30x_gpio.o
gpio_bit_write                                    build/gd32f30x_gpio.o
gpio_compensation_config                          build/gd32f30x_gpio.o
gpio_compensation_flag_get                        build/gd32f30x_gpio.o
gpio_deinit                                       build/gd32f30x_gpio.o
gpio_event_output_config                          build/gd32f30x_gpio.o
gpio_event_output_disable                         build/gd32f30x_gpio.o
gpio_event_output_enable                          build/gd32f30x_gpio.o
gpio_exti_source_select                           build/gd32f30x_gpio.o
gpio_init                                         build/gd32f30x_gpio.o
gpio_input_bit_get                                build/gd32f30x_gpio.o
gpio_input_port_get                               build/gd32f30x_gpio.o
gpio_output_bit_get                               build/gd32f30x_gpio.o
gpio_output_port_get                              build/gd32f30x_gpio.o
gpio_pin_lock                                     build/gd32f30x_gpio.o
gpio_pin_remap_config                             build/gd32f30x_gpio.o
gpio_port_write                                   build/gd32f30x_gpio.o
hardware_init_hook                                c:/ST/STM32CubeIDE_1.15.0/STM32CubeIDE/plugins/com.st.stm32cube.ide.mcu.externaltools.gnu-tools-for-stm32.12.3.rel1.win32_1.0.100.202403111256/tools/bin/../lib/gcc/arm-none-eabi/12.3.1/../../../../arm-none-eabi/lib/thumb/v7e-m+fp/hard/crt0.o
i2c_ack_config                                    build/gd32f30x_i2c.o
i2c_ackpos_config                                 build/gd32f30x_i2c.o
i2c_clock_config                                  build/gd32f30x_i2c.o
i2c_data_receive                                  build/gd32f30x_i2c.o
i2c_data_transmit                                 build/gd32f30x_i2c.o
i2c_deinit                                        build/gd32f30x_i2c.o
i2c_disable                                       build/gd32f30x_i2c.o
i2c_dma_config                                    build/gd32f30x_i2c.o
i2c_dma_last_transfer_config                      build/gd32f30x_i2c.o
i2c_dualaddr_disable                              build/gd32f30x_i2c.o
i2c_dualaddr_enable                               build/gd32f30x_i2c.o
i2c_enable                                        build/gd32f30x_i2c.o
i2c_flag_clear                                    build/gd32f30x_i2c.o
i2c_flag_get                                      build/gd32f30x_i2c.o
i2c_interrupt_disable                             build/gd32f30x_i2c.o
i2c_interrupt_enable                              build/gd32f30x_i2c.o
i2c_interrupt_flag_clear                          build/gd32f30x_i2c.o
i2c_interrupt_flag_get                            build/gd32f30x_i2c.o
i2c_master_addressing                             build/gd32f30x_i2c.o
i2c_mode_addr_config                              build/gd32f30x_i2c.o
i2c_pec_config                                    build/gd32f30x_i2c.o
i2c_pec_transfer_config                           build/gd32f30x_i2c.o
i2c_pec_value_get                                 build/gd32f30x_i2c.o
i2c_slave_response_to_gcall_config                build/gd32f30x_i2c.o
i2c_smbus_alert_config                            build/gd32f30x_i2c.o
i2c_smbus_arp_config                              build/gd32f30x_i2c.o
i2c_smbus_type_config                             build/gd32f30x_i2c.o
i2c_software_reset_config                         build/gd32f30x_i2c.o
i2c_start_on_bus                                  build/gd32f30x_i2c.o
i2c_stop_on_bus                                   build/gd32f30x_i2c.o
i2c_stretch_scl_low_config                        build/gd32f30x_i2c.o
i2s_disable                                       build/gd32f30x_spi.o
i2s_enable                                        build/gd32f30x_spi.o
i2s_init                                          build/gd32f30x_spi.o
i2s_psc_config                                    build/gd32f30x_spi.o
main                                              build/main.o
                                                  build/startup_gd32f30x_hd.o
                                                  c:/ST/STM32CubeIDE_1.15.0/STM32CubeIDE/plugins/com.st.stm32cube.ide.mcu.externaltools.gnu-tools-for-stm32.12.3.rel1.win32_1.0.100.202403111256/tools/bin/../lib/gcc/arm-none-eabi/12.3.1/../../../../arm-none-eabi/lib/thumb/v7e-m+fp/hard/crt0.o
memset                                            c:/ST/STM32CubeIDE_1.15.0/STM32CubeIDE/plugins/com.st.stm32cube.ide.mcu.externaltools.gnu-tools-for-stm32.12.3.rel1.win32_1.0.100.202403111256/tools/bin/../lib/gcc/arm-none-eabi/12.3.1/../../../../arm-none-eabi/lib/thumb/v7e-m+fp/hard\libc_nano.a(libc_a-memset.o)
                                                  c:/ST/STM32CubeIDE_1.15.0/STM32CubeIDE/plugins/com.st.stm32cube.ide.mcu.externaltools.gnu-tools-for-stm32.12.3.rel1.win32_1.0.100.202403111256/tools/bin/../lib/gcc/arm-none-eabi/12.3.1/../../../../arm-none-eabi/lib/thumb/v7e-m+fp/hard\libc_nano.a(libc_a-findfp.o)
                                                  c:/ST/STM32CubeIDE_1.15.0/STM32CubeIDE/plugins/com.st.stm32cube.ide.mcu.externaltools.gnu-tools-for-stm32.12.3.rel1.win32_1.0.100.202403111256/tools/bin/../lib/gcc/arm-none-eabi/12.3.1/../../../../arm-none-eabi/lib/thumb/v7e-m+fp/hard/crt0.o
nvic_irq_disable                                  build/gd32f30x_misc.o
nvic_irq_enable                                   build/gd32f30x_misc.o
nvic_priority_group_set                           build/gd32f30x_misc.o
nvic_vector_table_set                             build/gd32f30x_misc.o
ob_data_get                                       build/gd32f30x_fmc.o
ob_data_program                                   build/gd32f30x_fmc.o
ob_erase                                          build/gd32f30x_fmc.o
ob_lock                                           build/gd32f30x_fmc.o
ob_security_protection_config                     build/gd32f30x_fmc.o
ob_spc_get                                        build/gd32f30x_fmc.o
ob_unlock                                         build/gd32f30x_fmc.o
ob_user_get                                       build/gd32f30x_fmc.o
ob_user_write                                     build/gd32f30x_fmc.o
ob_write_protection_enable                        build/gd32f30x_fmc.o
ob_write_protection_get                           build/gd32f30x_fmc.o
pmu_backup_write_disable                          build/gd32f30x_pmu.o
pmu_backup_write_enable                           build/gd32f30x_pmu.o
pmu_deinit                                        build/gd32f30x_pmu.o
pmu_flag_clear                                    build/gd32f30x_pmu.o
pmu_flag_get                                      build/gd32f30x_pmu.o
pmu_highdriver_mode_disable                       build/gd32f30x_pmu.o
pmu_highdriver_mode_enable                        build/gd32f30x_pmu.o
pmu_highdriver_switch_select                      build/gd32f30x_pmu.o
pmu_ldo_output_select                             build/gd32f30x_pmu.o
pmu_lowdriver_mode_disable                        build/gd32f30x_pmu.o
pmu_lowdriver_mode_enable                         build/gd32f30x_pmu.o
pmu_lowpower_driver_config                        build/gd32f30x_pmu.o
pmu_lvd_disable                                   build/gd32f30x_pmu.o
pmu_lvd_select                                    build/gd32f30x_pmu.o
pmu_normalpower_driver_config                     build/gd32f30x_pmu.o
pmu_to_deepsleepmode                              build/gd32f30x_pmu.o
pmu_to_sleepmode                                  build/gd32f30x_pmu.o
pmu_to_standbymode                                build/gd32f30x_pmu.o